Archive member included to satisfy reference by file (symbol)

../../Compiler/COMMON/SGL_302j/LIB_ELF/SEGA_SYS.A(sys_exit.o)
                              ../../jo_engine/core.o (SYS_Exit)
../../Compiler/COMMON/SGL_302j/LIB_ELF/SEGA_SYS.A(sys_sub.o)
                              ../../Compiler/COMMON/SGL_302j/LIB_ELF/SEGA_SYS.A(sys_exit.o) (SYSUB_SetStackptr)
../../Compiler/COMMON/SGL_302j/LIB_ELF/LIBCD.A(CDC_CMN.O)
                              ../../Compiler/COMMON/SGL_302j/LIB_ELF/SEGA_SYS.A(sys_exit.o) (CDC_GetCurStat)
../../Compiler/COMMON/SGL_302j/LIB_ELF/LIBCD.A(CDC_DRV.O)
                              ../../jo_engine/audio.o (CDC_CdPlay)
../../Compiler/COMMON/SGL_302j/LIB_ELF/LIBCD.A(CDC_CFS.O)
                              ../../Compiler/COMMON/SGL_302j/LIB_ELF/SEGA_SYS.A(sys_exit.o) (CDC_ChgDir)
../../Compiler/COMMON/SGL_302j/LIB_ELF/LIBCD.A(CDC_REG.O)
                              ../../Compiler/COMMON/SGL_302j/LIB_ELF/SEGA_SYS.A(sys_exit.o) (CDC_GetHirqReq)
../../Compiler/COMMON/SGL_302j/LIB_ELF/LIBCD.A(CDC_SUB.O)
                              ../../Compiler/COMMON/SGL_302j/LIB_ELF/LIBCD.A(CDC_CMN.O) (CDSUB_UpdStatus)
../../Compiler/COMMON/SGL_302j/LIB_ELF/LIBCD.A(GFS.O)
                              ../../jo_engine/fs.o (GFS_Init)
../../Compiler/COMMON/SGL_302j/LIB_ELF/LIBCD.A(GFS_BUF.O)
                              ../../Compiler/COMMON/SGL_302j/LIB_ELF/LIBCD.A(GFS.O) (GFBF_GetNumData)
../../Compiler/COMMON/SGL_302j/LIB_ELF/LIBCD.A(GFS_CDB.O)
                              ../../Compiler/COMMON/SGL_302j/LIB_ELF/LIBCD.A(GFS.O) (GFCB_Close)
../../Compiler/COMMON/SGL_302j/LIB_ELF/LIBCD.A(GFS_CDC.O)
                              ../../Compiler/COMMON/SGL_302j/LIB_ELF/LIBCD.A(GFS.O) (GFCD_SetCdbfs)
../../Compiler/COMMON/SGL_302j/LIB_ELF/LIBCD.A(GFS_CDF.O)
                              ../../Compiler/COMMON/SGL_302j/LIB_ELF/LIBCD.A(GFS.O) (GFCF_Init)
../../Compiler/COMMON/SGL_302j/LIB_ELF/LIBCD.A(GFS_DIR.O)
                              ../../Compiler/COMMON/SGL_302j/LIB_ELF/LIBCD.A(GFS.O) (GFDR_SetupDirTbl)
../../Compiler/COMMON/SGL_302j/LIB_ELF/LIBCD.A(GFS_TRN.O)
                              ../../Compiler/COMMON/SGL_302j/LIB_ELF/LIBCD.A(GFS.O) (GFTR_Setup)
../../Compiler/COMMON/SGL_302j/LIB_ELF/LIBCD.A(CDC_DEV.O)
                              ../../Compiler/COMMON/SGL_302j/LIB_ELF/LIBCD.A(GFS_CDC.O) (CDC_CdSetCon)
../../Compiler/COMMON/SGL_302j/LIB_ELF/LIBCD.A(CDC_SEL.O)
                              ../../Compiler/COMMON/SGL_302j/LIB_ELF/LIBCD.A(GFS_CDC.O) (CDC_SetFiltRange)
../../Compiler/COMMON/SGL_302j/LIB_ELF/LIBCD.A(CDC_BIF.O)
                              ../../Compiler/COMMON/SGL_302j/LIB_ELF/LIBCD.A(GFS_CDC.O) (CDC_GetBufSiz)
../../Compiler/COMMON/SGL_302j/LIB_ELF/LIBCD.A(CDC_BIO.O)
                              ../../Compiler/COMMON/SGL_302j/LIB_ELF/LIBCD.A(GFS_CDC.O) (CDC_SetSctLen)
../../Compiler/COMMON/SGL_302j/LIB_ELF/LIBSGL.A(sglB001.o)
                              ../../jo_engine/core.o (slTVOn)
../../Compiler/COMMON/SGL_302j/LIB_ELF/LIBSGL.A(sglB011.o)
                              ../../jo_engine/vdp2.o (slBitMapNbg1)
../../Compiler/COMMON/SGL_302j/LIB_ELF/LIBSGL.A(sglB014.o)
                              ../../jo_engine/vdp2.o (slScrTransparent)
../../Compiler/COMMON/SGL_302j/LIB_ELF/LIBSGL.A(sglB015.o)
                              ../../jo_engine/vdp2.o (slScrAutoDisp)
../../Compiler/COMMON/SGL_302j/LIB_ELF/LIBSGL.A(sglB016.o)
                              ../../jo_engine/vdp2.o (slBack1ColSet)
../../Compiler/COMMON/SGL_302j/LIB_ELF/LIBSGL.A(sglB020.o)
                              ../../jo_engine/vdp2.o (slColorCalc)
../../Compiler/COMMON/SGL_302j/LIB_ELF/LIBSGL.A(sglB021.o)
                              ../../jo_engine/vdp2.o (slColorCalcOn)
../../Compiler/COMMON/SGL_302j/LIB_ELF/LIBSGL.A(sglB023.o)
                              ../../jo_engine/vdp2.o (slColRate)
../../Compiler/COMMON/SGL_302j/LIB_ELF/LIBSGL.A(sglB031.o)
                              ../../jo_engine/vdp2.o (slMapNbg0)
../../Compiler/COMMON/SGL_302j/LIB_ELF/LIBSGL.A(sglB032.o)
                              ../../jo_engine/vdp2.o (slMapNbg1)
../../Compiler/COMMON/SGL_302j/LIB_ELF/LIBSGL.A(sglB033.o)
                              ../../jo_engine/vdp2.o (slMapNbg2)
../../Compiler/COMMON/SGL_302j/LIB_ELF/LIBSGL.A(sglB034.o)
                              ../../jo_engine/vdp2.o (slMapNbg3)
../../Compiler/COMMON/SGL_302j/LIB_ELF/LIBSGL.A(sglB035.o)
                              ../../jo_engine/vdp2.o (sl1MapRA)
../../Compiler/COMMON/SGL_302j/LIB_ELF/LIBSGL.A(sglB036.o)
                              ../../jo_engine/vdp2.o (sl1MapRB)
../../Compiler/COMMON/SGL_302j/LIB_ELF/LIBSGL.A(sglB038.o)
                              ../../jo_engine/vdp2.o (slRparaInitSet)
../../Compiler/COMMON/SGL_302j/LIB_ELF/LIBSGL.A(sglB039.o)
                              ../../jo_engine/vdp2.o (slMakeKtable)
../../Compiler/COMMON/SGL_302j/LIB_ELF/LIBSGL.A(sglB040.o)
[...]
Memory Configuration

Name             Origin             Length             Attributes
*default*        0x00000000         0xffffffff

Linker script and memory map


SLSTART         0x06004000       0x30
                0x06004000                ___Start = .
 *(SLSTART)
 SLSTART        0x06004000       0x28 ../../Compiler/COMMON/SGL_302j/LIB_ELF/LIBSGL.A(sglI00.o)
                0x06004000                SGL_Start
                0x06004002                slStartSGL

.text           0x06004040    0x2cc50
 *(.text)
 .text          0x06004040        0x0 ../../Compiler/COMMON/SGL_302j/LIB_ELF/SGLAREA.O
 .text          0x06004040    0x1b5d4 main.o
                0x06004040                my_tga_palette_handling
                0x06004190                level_1_map
                0x0600f1d4                level_2_map
                0x06018fcc                ztClearText
                0x06019018                restart_level
                0x060190c8                transition_to_end_level
                0x0601914c                transition_to_level_select
                0x06019254                title_screen
                0x0601947c                has_vertical_collision
                0x06019700                player_collision_handling
                0x06019cb4                stop_sounds
                0x06019d4c                create_powerup
                0x06019d5c                draw_powerup
                0x0601a698                create_enemy_spider
                0x0601a730                draw_waterfall
                0x0601ae00                level_start
                0x0601b124                clear_level
                0x0601b1b8                clear_level_select
                0x0601b250                load_level
                0x0601b538                init_level
                0x0601cca0                add_gems
                0x0601d070                load_title_screen
                0x0601d0b8                load_sound
                0x0601d13c                getTime
                0x0601d19c                getSeconds
                0x0601d2f4                draw_enemy_spider
                0x0601dcd0                end_level
                0x0601e20c                level_select
                0x0601f09c                pause_game
                0x0601f450                load_nbg2_font
                0x0601f4a8                jo_main
 .text          0x0601f614      0x90c hamster.o
                0x0601f67c                hamster_animation_handling
                0x0601f7d4                display_player
                0x0601fa1c                load_player_and_enemies
                0x0601fb38                display_hud
                0x0601fc18                load_hud
                0x0601fc74                load_powerups
                0x0601fd14                load_waterfall
                0x0601fd90                replace_anim
 .text          0x0601ff20      0xae4 ../../jo_engine/tga.o
                0x0602019c                jo_set_tga_palette_handling
                0x060201a8                __jo_tga_load
                0x060202c8                __jo_tga_any_loader_from_stream
                0x06020310                jo_tga_8bits_loader_from_stream
                0x06020328                jo_tga_loader_from_stream
                0x06020340                __jo_tga_any_loader
                0x06020390                jo_tga_8bits_loader
                0x060203ac                jo_tga_loader
                0x060203c8                jo_tga_8bits_tileset_loader
                0x06020604                jo_sprite_add_tga_tileset
                0x0602085c                jo_sprite_add_tga_from_stream
                0x06020914                jo_sprite_add_tga
 .text          0x06020a04      0x47c ../../jo_engine/audio.o
                0x06020a78                jo_audio_play_cd_track
                0x06020ab8                jo_audio_set_volume
                0x06020ac4                jo_audio_stop_cd
                0x06020ae0                jo_audio_init
                0x06020b30                jo_audio_play_sound_on_channel
                0x06020bf0                jo_audio_play_sound
                0x06020c8c                jo_audio_usage_percent
                0x06020cf0                jo_audio_free_pcm
                0x06020d28                jo_audio_stop_sound
                0x06020dbc                jo_audio_load_pcm_async
                0x06020e04                jo_audio_load_pcm
 .text          0x06020e80      0x960 ../../jo_engine/fs.o
                0x06020ee8                jo_fs_init
                0x06020f98                jo_fs_do_background_jobs
                0x06021054                jo_fs_read_file_async_ptr
                0x060211f8                jo_fs_cd
                0x06021268                jo_fs_read_file_ptr
                0x06021404                jo_fs_read_file_in_dir
                0x06021450                jo_fs_open
                0x0602154c                jo_fs_seek_forward
                0x0602165c                jo_fs_read_next_bytes
                0x06021754                jo_fs_close
                0x060217a0                jo_fs_set_read_sector_count
 .text          0x060217e0      0x574 ../../jo_engine/font.o
                0x06021848                jo_font_load
                0x06021ad8                jo_font_print
                0x06021bfc                jo_font_print_centered
 .text          0x06021d54      0x164 ../../jo_engine/input.o
                0x06021dbc                jo_get_inputs_vblank
                0x06021e04                jo_get_input_type
                0x06021e4c                jo_get_input_count
                0x06021e70                jo_get_input_axis
 .text          0x06021eb8        0x0 ../../jo_engine/physics.o
 .text          0x06021eb8      0x720 ../../jo_engine/core.o
                0x06021f94                __jo_core_set_screens_order
                0x060220cc                jo_core_init
                0x060222b0                jo_core_add_vblank_callback
                0x0602232c                jo_core_remove_vblank_callback
                0x06022384                jo_core_add_callback
                0x060223cc                jo_core_remove_callback
                0x06022404                jo_goto_boot_menu
                0x06022410                __jo_core_error
                0x06022460                jo_core_suspend
                0x060224a0                jo_core_set_restart_game_callback
                0x060224ac                jo_core_run
                0x06022530                jo_dump_vdp1_registers
                0x06022584                jo_dump_vdp2_registers
 .text          0x060225d8      0xcb8 ../../jo_engine/math.o
                0x06022640                jo_fixed_mult
                0x06022654                jo_fixed_dot
                0x0602266c                jo_fixed_pow
                0x060226a4                jo_fixed_div
                0x060226cc                jo_fixed_sin
                0x060227d0                jo_fixed_cos
                0x06022948                jo_gcd
                0x060229b0                jo_atan2f_rad
                0x06022b74                jo_planar_rotate
                0x06022cd0                jo_random
                0x06022d40                jo_vector_fixed_compute_bezier_point
                0x06022ed0                jo_vectorf_compute_bezier_point
                0x06023020                jo_fixed_sqrt
                0x060230d0                jo_sqrt
                0x06023110                jo_fixed_rsqrt
                0x06023220                jo_rsqrt
 .text          0x06023290      0x4b4 ../../jo_engine/malloc.o
                0x060232f8                jo_add_memory_zone
                0x06023368                jo_malloc_with_behaviour
                0x060234b4                jo_reduce_memory_fragmentation
                0x06023528                jo_free
                0x060235a4                jo_memory_usage_percent
                0x060236a8                jo_memory_fragmentation
 .text          0x06023744      0x3ec ../../jo_engine/tools.o
                0x060237ac                jo_getdate
                0x06023848                jo_get_current_language
                0x0602386c                jo_tools_atoi
                0x060238ec                jo_strlen
                0x0602393c                jo_endwith
                0x060239e8                jo_strcmp
                0x06023a18                jo_memset
                0x06023abc                jo_map_to_vram
 .text          0x06023b30      0x134 ../../jo_engine/palette.o
                0x06023b98                jo_create_palette
                0x06023bec                jo_set_palette_register
                0x06023c50                jo_get_palette_register
 .text          0x06023c64      0x9e4 ../../jo_engine/sprites.o
                0x06023e00                jo_sprite_usage_percent
                0x06023e8c                jo_get_last_sprite_id
                0x06023e98                jo_sprite_init
                0x06023f1c                jo_sprite_name2id
                0x06023f94                jo_sprite_replace
                0x0602409c                jo_sprite_add
                0x060240e8                jo_sprite_add_8bits_image
                0x06024134                jo_sprite_free_from
                0x060241ac                jo_set_gouraud_shading_colors
                0x060241d4                jo_set_gouraud_shading_brightness
                0x06024214                jo_sprite_draw_4p_fixed
                0x0602432c                jo_sprite_draw
                0x06024474                jo_sprite_draw_rotate
                0x06024614                jo_sprite_set_clipping_area
 .text          0x06024648      0x9fc ../../jo_engine/map.o
                0x06024778                jo_map_per_pixel_vertical_collision
                0x0602490c                jo_map_hitbox_detection_custom_boundaries
                0x0602497c                jo_map_create
                0x060249f8                jo_map_add_tile
                0x06024a1c                jo_map_add_animated_tile
                0x06024a40                jo_map_draw_background
                0x06024ad8                jo_map_draw
                0x06024bd4                jo_map_free
                0x06024bec                jo_map_load_from_file
                0x06024fc4                jo_map_move_tiles_by_attribute
 .text          0x06025044      0x200 ../../jo_engine/list.o
                0x060250ac                jo_list_init
                0x060250bc                jo_list_add
                0x06025134                jo_list_insert_at
                0x060251e4                jo_list_remove
 .text          0x06025244      0x2bc ../../jo_engine/sprite_animator.o
                0x06025358                jo_replace_sprite_anim
                0x0602540c                jo_create_sprite_anim
                0x060254d8                jo_clear_all_sprite_anim
 .text          0x06025500      0x7b0 ../../jo_engine/image.o
                0x06025568                __jo_bin_load
                0x060255b8                jo_free_img
                0x06025600                jo_bin_loader_from_stream
                0x060256d0                jo_bin_loader
                0x06025754                jo_replace_color
                0x060257c0                jo_sprite_add_bin_tileset
                0x060259b8                jo_sprite_add_bin
                0x06025a84                jo_sprite_add_bin_from_stream
                0x06025b1c                jo_sprite_add_image_pack
 .text          0x06025cb0     0x1224 ../../jo_engine/vdp2.o
                0x06025d94                jo_set_default_background_color
                0x06025dd4                __jo_init_vdp2
                0x06025e30                jo_img_to_vdp2_cells
                0x06025f54                jo_vdp2_replace_rbg0_plane_a_8bits_image
                0x06025f68                jo_vdp2_replace_rbg0_plane_b_8bits_image
                0x06025f7c                jo_vdp2_set_rbg0_plane_a_8bits_image
                0x06026044                jo_vdp2_set_rbg0_plane_b_8bits_image
                0x0602610c                jo_vdp2_enable_rbg0
                0x060261e0                jo_vdp2_disable_rbg0
                0x060261f8                jo_vdp2_set_nbg0_8bits_image
                0x06026304                jo_vdp2_disable_nbg0_line_scroll
                0x06026328                jo_vdp2_compute_nbg0_line_scroll
                0x06026340                jo_vdp2_enable_nbg0_line_scroll
                0x060263b0                jo_vdp2_draw_bitmap_nbg1_line
                0x0602647c                jo_vdp2_clear_bitmap_nbg1
                0x060264e0                jo_vdp2_set_nbg1_8bits_image
                0x060265c8                jo_vdp2_set_nbg1_image
                0x06026730                jo_vdp2_disable_nbg1_line_scroll
                0x06026754                jo_vdp2_compute_nbg1_line_scroll
                0x0602676c                jo_vdp2_enable_nbg1_line_scroll
                0x060267dc                jo_nbg2_clear
                0x06026838                __jo_set_nbg2_8bits_image
                0x060268dc                jo_nbg2_print
                0x06026994                jo_vdp2_set_nbg2_8bits_font
                0x06026a38                jo_vdp2_set_nbg2_8bits_image
                0x06026aa4                jo_nbg3_clear
                0x06026b00                __jo_set_nbg3_8bits_image
                0x06026ba4                jo_nbg3_print
                0x06026c5c                jo_vdp2_set_nbg3_8bits_font
                0x06026d00                jo_vdp2_set_nbg3_8bits_image
                0x06026d6c                jo_set_displayed_screens
                0x06026d7c                jo_disable_all_screens_transparency
                0x06026da0                jo_enable_screen_transparency
 .text          0x06026ed4      0x280 ../../jo_engine/time.o
                0x06026f3c                jo_time_init
                0x06026f68                jo_get_ticks
                0x06027048                jo_fixed_point_time
 .text          0x06027154       0x68 ../../jo_engine/vdp1_command_pipeline.o
 .text          0x060271bc      0x334 ../../jo_engine/vdp2_malloc.o
                0x06027224                jo_vdp2_malloc_init
                0x0602725c                jo_vdp2_free
                0x0602731c                jo_vdp2_malloc
 .text          0x060274f0      0x238 ../../Compiler/COMMON/SGL_302j/LIB_ELF/SEGA_SYS.A(sys_exit.o)
                0x060274f0                sys_version
                0x06027510                SYS_Exit
 *fill*         0x06027728        0x8 
 .text          0x06027730        0x6 ../../Compiler/COMMON/SGL_302j/LIB_ELF/SEGA_SYS.A(sys_sub.o)
                0x06027730                SYSUB_SetStackptr
 *fill*         0x06027736        0xa 
 .text          0x06027740      0x3a0 ../../Compiler/COMMON/SGL_302j/LIB_ELF/LIBCD.A(CDC_CMN.O)
                0x06027740                CDC_GetCurStat
                0x06027790                CDC_GetLastStat
                0x060277a8                CDC_GetPeriStat
                0x0602787c                CDC_GetHwInfo
                0x060278e4                CDC_TgetToc
                0x06027934                CDC_GetSes
                0x06027970                CDC_CdInit
                0x060279f4                CDC_CdOpen
                0x06027a1c                CDC_DataReady
                0x06027a88                CDC_DataEnd
 .text          0x06027ae0      0x130 ../../Compiler/COMMON/SGL_302j/LIB_ELF/LIBCD.A(CDC_DRV.O)
                0x06027ae0                CDC_CdPlay
                0x06027bac                CDC_CdSeek
                0x06027be0                CDC_CdScan
 .text          0x06027c10      0x194 ../../Compiler/COMMON/SGL_302j/LIB_ELF/LIBCD.A(CDC_CFS.O)
                0x06027c10                CDC_ChgDir
                0x06027c44                CDC_ReadDir
                0x06027c78                CDC_GetFileScope
                0x06027cd8                CDC_TgetFileInfo
                0x06027d34                CDC_ReadFile
                0x06027d68                CDC_AbortFile
 *fill*         0x06027da4        0xc 
 .text          0x06027db0      0x2dc ../../Compiler/COMMON/SGL_302j/LIB_ELF/LIBCD.A(CDC_REG.O)
                0x06027db0                CDC_GetDataPtr
                0x06027dc0                CDC_GetHirqReq
                0x06027dd4                CDC_ClrHirqReq
                0x06027e04                CDREG_ClrHirqReq
                0x06027e14                CDREG_InitHirqReq
                0x06027e3c                CDREG_SetHirqFlag
                0x06027e50                CDC_GetHirqMsk
                0x06027e64                CDC_SetHirqMsk
                0x06027e74                CDC_GetMpegPtr
                0x06027e84                CDREG_TgetData
                0x06027ee0                CDREG_CmdRsp
                0x06027fe0                CDREG_WaitHirq
                0x06028050                CDREG_ReadRsp
 *fill*         0x0602808c        0x4 
 .text          0x06028090      0x152 ../../Compiler/COMMON/SGL_302j/LIB_ELF/LIBCD.A(CDC_SUB.O)
                0x06028090                CDSUB_UpdStatus
                0x060280a8                CDSUB_UpdCdstat
                0x060280c8                CDSUB_CdCmd
                0x06028138                CDSUB_GetCdstat
                0x06028178                CDSUB_RspToCdstat
                0x060281c0                CDSUB_SoftTimer
 *fill*         0x060281e2        0xe 
 .text          0x060281f0     0x1adc ../../Compiler/COMMON/SGL_302j/LIB_ELF/LIBCD.A(GFS.O)
                0x060281f0                gfs_version
                0x06028210                GFS_Init
                0x060282f8                GFS_LoadDir
                0x060283a0                GFS_SetDir
                0x06028408                GFS_NameToId
                0x0602846c                GFS_IdToName
                0x060284d8                GFS_GetDirInfo
                0x06028548                GFS_Reset
                0x060285cc                GFS_Open
                0x06028680                GFS_Close
                0x060286b8                GFS_Seek
                0x0602876c                GFS_Tell
                0x060287bc                GFS_IsEof
                0x06028810                GFS_ByteToSct
                0x0602886c                GFS_GetFileSize
                0x060288c8                GFS_GetFileInfo
                0x0602893c                GFS_GetNumCdbuf
                0x06028964                GFS_Load
                0x06028a28                GFS_Fread
                0x06028ac4                gfs_waitRead
                0x06028b6c                GFS_NwFread
                0x06028c78                GFS_NwCdRead
                0x06028cf0                GFS_NwIsComplete
                0x06028d28                GFS_NwStop
                0x06028d94                GFS_NwGetStat
                0x06028e10                gfs_recovRdErr
                0x06028e40                GFS_NwExecOne
                0x06028f00                GFS_NwExecServer
                0x06028f7c                GFS_SetGmode
                0x06028fe0                GFS_SetTmode
                0x0602904c                GFS_SetReadPara
                0x060290b0                GFS_SetTransPara
                0x0602911c                GFS_SetTrFunc
                0x06029180                GFS_StartTrans
                0x060291cc                GFS_CdMovePickup
                0x06029238                GFS_SetErrFunc
                0x06029264                GFS_GetErrStat
                0x06029288                GFS_ConvTno
                0x060292b0                gfs_chgRoot
                0x0602937c                gfs_aborttrans
                0x06029388                gfs_mngSetupFuncTbl
                0x060293bc                gfs_mngInitWork
                0x06029460                gfs_mngGetNumFile
                0x060294c8                GFS_mngAllocGrp
                0x06029510                gfs_mngFreeGrp
                0x0602951c                gfs_mngTermAccess
                0x060295a0                gfs_mngSetErrCode
                0x06029620                gfs_svrSearchHndl
                0x06029660                gfs_svrAddHndl
                0x0602969c                gfs_svrRemoveHndl
                0x060296f8                GFS_OpenSub
                0x06029750                gfs_loadVol
                0x06029814                gfs_getRootDir
                0x06029910                gfs_loadRootDir
                0x06029998                gfs_flowIn
                0x06029a40                gfs_transData
                0x06029ae4                GFS_GetFad
                0x06029b3c                gfs_SetSct
                0x06029b7c                gfs_GetFinfo
                0x06029bbc                gfs_closeSub
                0x06029bf8                gfs_getGmode
                0x06029c04                gfs_isTaskDone
                0x06029c58                gfs_convFinStat
 *fill*         0x06029ccc        0x4 
 .text          0x06029cd0      0x106 ../../Compiler/COMMON/SGL_302j/LIB_ELF/LIBCD.A(GFS_BUF.O)
                0x06029d00                GFBF_GetTranData
                0x06029d28                GFBF_GetNumData
                0x06029d58                GFBF_GetSrcPk
                0x06029d80                GFBF_GetSctData
                0x06029da4                GFBF_RtnPk
                0x06029dcc                gfbf_getSctDt
 *fill*         0x06029dd6        0xa 
 .text          0x06029de0      0x600 ../../Compiler/COMMON/SGL_302j/LIB_ELF/LIBCD.A(GFS_CDB.O)
                0x06029de0                GFCB_Setup
                0x06029f00                GFCB_Close
                0x06029f28                GFCB_GetLenData
                0x06029fd4                GFCB_GetLenRoom
                0x06029fe0                GFCB_SetFilt
                0x0602a048                GFCB_DeleteAllData
                0x0602a070                GFCB_Tell
                0x0602a080                gfcb_getSctNum
                0x0602a0d0                GFCB_Seek
                0x0602a1cc                GFCB_GetSrcPack
                0x0602a2ac                GFCB_GetSctData
                0x0602a2e4                GFCB_GetDstPack
                0x0602a2f0                GFCB_RtnPk
                0x0602a338                GFCB_MovePickup
                0x0602a354                GFCB_SetCon
                0x0602a388                GFCB_GetPickup
                0x0602a3b0                GFCB_IsPuOwner
                0x0602a3c8                GFCB_UngetPickup
 .text          0x0602a3e0     0x1a10 ../../Compiler/COMMON/SGL_302j/LIB_ELF/LIBCD.A(GFS_CDC.O)
                0x0602a3e0                GFCD_SetCdbfs
                0x0602a40c                GFCD_Init
                0x0602a610                GFCD_AllocFilt
                0x0602a64c                GFCD_FreeFilt
                0x0602a67c                GFCD_AllocBuf
                0x0602a6b0                GFCD_FreeBuf
                0x0602a754                GFCD_GetBaseFad
                0x0602a788                GFCD_GetPickup
                0x0602a7bc                GFCD_UngetPickup
                0x0602a7e8                GFCD_IsPuOwner
                0x0602a80c                GFCD_SetFilt
                0x0602a8d0                GFCD_GetFilt
                0x0602a918                GFCD_SetCon
                0x0602a970                GFCD_Play
                0x0602a9d0                GFCD_GetLenData
                0x0602aa38                GFCD_ReqData
                0x0602aa94                GFCD_EndData
                0x0602aadc                GFCD_DelSctData
                0x0602ab34                GFCD_CheckDelSctData
                0x0602ab64                GFCD_GetStat
                0x0602ac18                GFCD_MovePickup
                0x0602ac64                GFCD_MoveSctData
                0x0602acd8                GFCD_CheckMove
                0x0602acfc                GFCD_GetSctInfo
                0x0602ad44                GFCD_ChgDir
                0x0602adb8                GFCD_SetFiltCon
                0x0602aea0                GFCD_GetFileInfo
                0x0602af7c                GFCD_GetBufSiz
                0x0602afb4                GFCD_ExecServer
                0x0602b088                gfcd_isIdleTask
                0x0602b114                gfcd_doTask
                0x0602b1c0                GFCD_SetTimer
                0x0602b1d4                GFCD_WaitServer
                0x0602b210                gfcd_doSetFiltTsk
                0x0602b3d4                gfcd_doSetConTsk
                0x0602b464                gfcd_doGetLenDataTsk
                0x0602b5b8                gfcd_doReqDataTsk
                0x0602b658                gfcd_doDelSctDataTsk
                0x0602b78c                gfcd_doMoveSctTsk
                0x0602b8f0                gfcd_doChgDirTsk
                0x0602baec                gfcd_doSetFiltConTsk
                0x0602bc30                gfcd_checkEflag
                0x0602bc54                gfcd_initCdbMng
                0x0602bcd4                gfcd_setStat
                0x0602bd00                GFCD_SetCsctFunc
                0x0602bd1c                GFCD_ChkScdqFlag
                0x0602bd40                GFCD_ClrScdqFlag
                0x0602bd5c                GFCD_WaitScdqFlag
                0x0602bda0                GFCD_WaitPause
 .text          0x0602bdf0      0x8d8 ../../Compiler/COMMON/SGL_302j/LIB_ELF/LIBCD.A(GFS_CDF.O)
                0x0602bdf0                GFCF_Init
                0x0602be90                GFCF_Setup
                0x0602bfd8                GFCF_SetSct
                0x0602c01c                GFCF_GetFileInfo
                0x0602c090                GFCF_FlowInBuf
                0x0602c1e4                GFCF_StopInBuf
                0x0602c284                GFCF_Recover
                0x0602c2cc                GFCF_Tell
                0x0602c2e4                GFCF_Seek
                0x0602c2fc                GFCF_MovePickup
                0x0602c398                GFCF_cnvIntlvOfs
                0x0602c3ec                GFCF_GetStat
                0x0602c484                gfcf_getSctSize
                0x0602c4c0                gfcf_isCdOk
                0x0602c580                gfcf_getPlayRange
 *fill*         0x0602c6c8        0x8 
 .text          0x0602c6d0      0x92c ../../Compiler/COMMON/SGL_302j/LIB_ELF/LIBCD.A(GFS_DIR.O)
                0x0602c6d0                GFDR_SetupDirTbl
                0x0602c744                GFDR_NameToId
                0x0602c7a4                GFDR_GetInfoDirId
                0x0602c7b8                GFDR_GetInfoDirName
                0x0602c7cc                GFDR_GetAtrDirId
                0x0602c7e4                GFDR_GetAtrDirName
                0x0602c7fc                GFDR_ChgRoot
                0x0602c814                GFDR_ChgDir
                0x0602c888                gfdr_setupDirIdTbl
                0x0602c90c                gfdr_setupDirNameTbl
                0x0602c9b8                gfdr_open
                0x0602c9e0                gfdr_read
                0x0602caa0                gfdr_readByte
                0x0602cacc                gfdr_readWord
                0x0602caf8                gfdr_readWordNB
                0x0602cb4c                gfdr_readLongNB
                0x0602cb98                gfdr_readLongNM
                0x0602cbc0                gfdr_setNextRec
                0x0602cc44                gfdr_readDirEnt
                0x0602cfc0                gfdr_setDirrecCd
 *fill*         0x0602cffc        0x4 
 .text          0x0602d000      0x9c6 ../../Compiler/COMMON/SGL_302j/LIB_ELF/LIBCD.A(GFS_TRN.O)
                0x0602d030                GFTR_Setup
                0x0602d074                GFTR_SetMode
                0x0602d088                GFTR_SetUnit
                0x0602d094                GFTR_SetTransPara
                0x0602d0c8                GFTR_GetTransPara
                0x0602d0d4                GFTR_GetNumTrans
                0x0602d0e0                GFTR_SetTransMax
                0x0602d0ec                GFTR_Start
                0x0602d0f8                GFTR_Pause
                0x0602d104                GFTR_Stop
                0x0602d1bc                GFTR_Exec
                0x0602d240                GFTR_Idle
                0x0602d2b8                GFTR_ExecSvr
                0x0602d3c0                gftr_getSrcPack
                0x0602d448                gftr_getDstPack
                0x0602d4a4                gftr_reqScu
                0x0602d4b0                gftr_execScu
                0x0602d54c                gftr_remScu
                0x0602d580                gfdma_canUse
                0x0602d58c                gfdma_exec
                0x0602d5fc                gfdma_getBytecnt
                0x0602d634                gftr_reqDma0
                0x0602d64c                gftr_execSdma0
                0x0602d670                gftr_remDma0
                0x0602d688                gftr_reqDma1
                0x0602d6a0                gftr_execSdma1
                0x0602d6c4                gftr_remDma1
                0x0602d6dc                gftr_reqCpu
                0x0602d6e8                gftr_execCpu
                0x0602d728                gftr_remCpu
                0x0602d734                gftr_reqTrn
                0x0602d7a4                gftr_execTrn
                0x0602d87c                gftr_remTrn
                0x0602d8f0                gftr_copyFrac
                0x0602d918                GFTR_GetLenData
                0x0602d924                GFTR_GetLenRoom
                0x0602d93c                GFTR_GetDstPack
                0x0602d970                GFTR_RtnDstPk
                0x0602d98c                GFTR_GetData
                0x0602d9a0                GFTR_SetData
                0x0602d9b4                GFTR_SetTransFunc
 *fill*         0x0602d9c6        0xa 
 .text          0x0602d9d0       0xa8 ../../Compiler/COMMON/SGL_302j/LIB_ELF/LIBCD.A(CDC_DEV.O)
                0x0602d9d0                CDC_CdSetCon
                0x0602da00                CDC_CdGetCon
                0x0602da3c                CDC_CdGetLastBuf
 *fill*         0x0602da78        0x8 
 .text          0x0602da80      0x2b8 ../../Compiler/COMMON/SGL_302j/LIB_ELF/LIBCD.A(CDC_SEL.O)
                0x0602da80                CDC_SetFiltRange
                0x0602dab4                CDC_GetFiltRange
                0x0602db0c                CDC_SetFiltSubh
                0x0602db7c                CDC_GetFiltSubh
                0x0602dbf8                CDC_SetFiltMode
                0x0602dc2c                CDC_GetFiltMode
                0x0602dc70                CDC_SetFiltCon
                0x0602dcb0                CDC_GetFiltCon
                0x0602dd04                CDC_ResetSelector
 *fill*         0x0602dd38        0x8 
 .text          0x0602dd40      0x270 ../../Compiler/COMMON/SGL_302j/LIB_ELF/LIBCD.A(CDC_BIF.O)
                0x0602dd40                CDC_GetBufSiz
                0x0602dd9c                CDC_GetSctNum
                0x0602dde0                CDC_CalActSiz
                0x0602de1c                CDC_GetActSiz
                0x0602de9c                CDC_GetSctInfo
                0x0602df1c                CDC_ExeFadSearch
                0x0602df54                CDC_GetFadSearch
 .text          0x0602dfb0      0x1e4 ../../Compiler/COMMON/SGL_302j/LIB_ELF/LIBCD.A(CDC_BIO.O)
                0x0602dfb0                CDC_SetSctLen
                0x0602dfe4                CDC_GetSctData
                0x0602e020                CDC_DelSctData
                0x0602e05c                CDC_GetdelSctData
                0x0602e098                CDC_PutSctData
                0x0602e0d0                CDC_CopySctData
                0x0602e114                CDC_MoveSctData
                0x0602e158                CDC_GetCopyErr
 *fill*         0x0602e194        0xc 
 .text          0x0602e1a0        0x0 ../../Compiler/COMMON/SGL_302j/LIB_ELF/LIBSGL.A(sglB001.o)
 .text          0x0602e1a0        0x0 ../../Compiler/COMMON/SGL_302j/LIB_ELF/LIBSGL.A(sglB011.o)
 .text          0x0602e1a0        0x0 ../../Compiler/COMMON/SGL_302j/LIB_ELF/LIBSGL.A(sglB014.o)
 .text          0x0602e1a0        0x0 ../../Compiler/COMMON/SGL_302j/LIB_ELF/LIBSGL.A(sglB015.o)
 .text          0x0602e1a0        0x0 ../../Compiler/COMMON/SGL_302j/LIB_ELF/LIBSGL.A(sglB016.o)
 .text          0x0602e1a0        0x0 ../../Compiler/COMMON/SGL_302j/LIB_ELF/LIBSGL.A(sglB020.o)
 .text          0x0602e1a0        0x0 ../../Compiler/COMMON/SGL_302j/LIB_ELF/LIBSGL.A(sglB021.o)
 .text          0x0602e1a0        0x0 ../../Compiler/COMMON/SGL_302j/LIB_ELF/LIBSGL.A(sglB023.o)
 .text          0x0602e1a0        0x0 ../../Compiler/COMMON/SGL_302j/LIB_ELF/LIBSGL.A(sglB031.o)
 .text          0x0602e1a0        0x0 ../../Compiler/COMMON/SGL_302j/LIB_ELF/LIBSGL.A(sglB032.o)
 .text          0x0602e1a0        0x0 ../../Compiler/COMMON/SGL_302j/LIB_ELF/LIBSGL.A(sglB033.o)
 .text          0x0602e1a0        0x0 ../../Compiler/COMMON/SGL_302j/LIB_ELF/LIBSGL.A(sglB034.o)
 .text          0x0602e1a0        0x0 ../../Compiler/COMMON/SGL_302j/LIB_ELF/LIBSGL.A(sglB035.o)
 .text          0x0602e1a0        0x0 ../../Compiler/COMMON/SGL_302j/LIB_ELF/LIBSGL.A(sglB036.o)
 .text          0x0602e1a0        0x0 ../../Compiler/COMMON/SGL_302j/LIB_ELF/LIBSGL.A(sglB038.o)
 .text          0x0602e1a0        0x0 ../../Compiler/COMMON/SGL_302j/LIB_ELF/LIBSGL.A(sglB039.o)
 .text          0x0602e1a0        0x0 ../../Compiler/COMMON/SGL_302j/LIB_ELF/LIBSGL.A(sglB040.o)
 .text          0x0602e1a0        0x0 ../../Compiler/COMMON/SGL_302j/LIB_ELF/LIBSGL.A(sglB041.o)
 .text          0x0602e1a0        0x0 ../../Compiler/COMMON/SGL_302j/LIB_ELF/LIBSGL.A(sglB043.o)
 .text          0x0602e1a0        0x0 ../../Compiler/COMMON/SGL_302j/LIB_ELF/LIBSGL.A(sglB047.o)
 .text          0x0602e1a0        0x0 ../../Compiler/COMMON/SGL_302j/LIB_ELF/LIBSGL.A(sglB048.o)
 .text          0x0602e1a0        0x0 ../../Compiler/COMMON/SGL_302j/LIB_ELF/LIBSGL.A(sglB055.o)
 .text          0x0602e1a0        0x0 ../../Compiler/COMMON/SGL_302j/LIB_ELF/LIBSGL.A(sglB056.o)
 .text          0x0602e1a0        0x0 ../../Compiler/COMMON/SGL_302j/LIB_ELF/LIBSGL.A(sglB057.o)
 .text          0x0602e1a0        0x0 ../../Compiler/COMMON/SGL_302j/LIB_ELF/LIBSGL.A(sglB058.o)
 .text          0x0602e1a0        0x0 ../../Compiler/COMMON/SGL_302j/LIB_ELF/LIBSGL.A(sglB059.o)
 .text          0x0602e1a0        0x0 ../../Compiler/COMMON/SGL_302j/LIB_ELF/LIBSGL.A(sglB060.o)
 .text          0x0602e1a0        0x0 ../../Compiler/COMMON/SGL_302j/LIB_ELF/LIBSGL.A(sglB063.o)
 .text          0x0602e1a0        0x0 ../../Compiler/COMMON/SGL_302j/LIB_ELF/LIBSGL.A(sglB087.o)
 .text          0x0602e1a0        0x0 ../../Compiler/COMMON/SGL_302j/LIB_ELF/LIBSGL.A(sglB088.o)
 .text          0x0602e1a0        0x0 ../../Compiler/COMMON/SGL_302j/LIB_ELF/LIBSGL.A(sglB090.o)
 .text          0x0602e1a0        0x0 ../../Compiler/COMMON/SGL_302j/LIB_ELF/LIBSGL.A(sglB200.o)
 .text          0x0602e1a0        0x0 ../../Compiler/COMMON/SGL_302j/LIB_ELF/LIBSGL.A(sglC05.o)
 .text          0x0602e1a0        0x0 ../../Compiler/COMMON/SGL_302j/LIB_ELF/LIBSGL.A(sglC06.o)
 .text          0x0602e1a0        0x0 ../../Compiler/COMMON/SGL_302j/LIB_ELF/LIBSGL.A(sglC07.o)
 .text          0x0602e1a0        0x0 ../../Compiler/COMMON/SGL_302j/LIB_ELF/LIBSGL.A(sglC17.o)
 .text          0x0602e1a0        0x0 ../../Compiler/COMMON/SGL_302j/LIB_ELF/LIBSGL.A(sglC19.o)
 .text          0x0602e1a0        0x0 ../../Compiler/COMMON/SGL_302j/LIB_ELF/LIBSGL.A(sglC20.o)
 .text          0x0602e1a0        0x0 ../../Compiler/COMMON/SGL_302j/LIB_ELF/LIBSGL.A(sglC21.o)
 .text          0x0602e1a0        0x0 ../../Compiler/COMMON/SGL_302j/LIB_ELF/LIBSGL.A(sglD00.o)
 .text          0x0602e1a0        0x0 ../../Compiler/COMMON/SGL_302j/LIB_ELF/LIBSGL.A(sglD01.o)
 .text          0x0602e1a0        0x0 ../../Compiler/COMMON/SGL_302j/LIB_ELF/LIBSGL.A(sglD03.o)
 .text          0x0602e1a0        0x0 ../../Compiler/COMMON/SGL_302j/LIB_ELF/LIBSGL.A(sglD15.o)
 .text          0x0602e1a0        0x0 ../../Compiler/COMMON/SGL_302j/LIB_ELF/LIBSGL.A(sglD16.o)
 .text          0x0602e1a0        0x0 ../../Compiler/COMMON/SGL_302j/LIB_ELF/LIBSGL.A(sglD17.o)
 .text          0x0602e1a0        0x0 ../../Compiler/COMMON/SGL_302j/LIB_ELF/LIBSGL.A(sglD18.o)
 .text          0x0602e1a0        0x0 ../../Compiler/COMMON/SGL_302j/LIB_ELF/LIBSGL.A(sglF08.o)
 .text          0x0602e1a0        0x0 ../../Compiler/COMMON/SGL_302j/LIB_ELF/LIBSGL.A(sglG00.o)
 .text          0x0602e1a0        0x0 ../../Compiler/COMMON/SGL_302j/LIB_ELF/LIBSGL.A(sglG01.o)
 .text          0x0602e1a0        0x0 ../../Compiler/COMMON/SGL_302j/LIB_ELF/LIBSGL.A(sglG19.o)
 .text          0x0602e1a0        0x0 ../../Compiler/COMMON/SGL_302j/LIB_ELF/LIBSGL.A(sglG21.o)
 .text          0x0602e1a0        0x0 ../../Compiler/COMMON/SGL_302j/LIB_ELF/LIBSGL.A(sglG22.o)
 .text          0x0602e1a0        0x0 ../../Compiler/COMMON/SGL_302j/LIB_ELF/LIBSGL.A(sglG25.o)
 .text          0x0602e1a0        0x0 ../../Compiler/COMMON/SGL_302j/LIB_ELF/LIBSGL.A(sglH00.o)
 .text          0x0602e1a0        0x0 ../../Compiler/COMMON/SGL_302j/LIB_ELF/LIBSGL.A(sglH01.o)
 .text          0x0602e1a0        0x0 ../../Compiler/COMMON/SGL_302j/LIB_ELF/LIBSGL.A(sglH02.o)
 .text          0x0602e1a0        0x0 ../../Compiler/COMMON/SGL_302j/LIB_ELF/LIBSGL.A(sglH04.o)
 .text          0x0602e1a0        0x0 ../../Compiler/COMMON/SGL_302j/LIB_ELF/LIBSGL.A(sglI01.o)
 .text          0x0602e1a0        0x0 ../../Compiler/COMMON/SGL_302j/LIB_ELF/LIBSGL.A(sglI04.o)
 .text          0x0602e1a0      0x128 ../../Compiler/COMMON/SGL_302j/LIB_ELF/LIBSGL.A(sglIc0.o)
                0x0602e1a0                slInitSystem
 *fill*         0x0602e2c8        0x8 
 .text          0x0602e2d0        0x0 ../../Compiler/COMMON/SGL_302j/LIB_ELF/LIBSGL.A(sglJ00.o)
 .text          0x0602e2d0        0x0 ../../Compiler/COMMON/SGL_302j/LIB_ELF/LIBSGL.A(sglJ01.o)
 .text          0x0602e2d0        0x0 ../../Compiler/COMMON/SGL_302j/LIB_ELF/LIBSGL.A(sglJ02.o)
 .text          0x0602e2d0        0x0 ../../Compiler/COMMON/SGL_302j/LIB_ELF/LIBSGL.A(sglJ03.o)
 .text          0x0602e2d0        0x0 ../../Compiler/COMMON/SGL_302j/LIB_ELF/LIBSGL.A(sglJ04.o)
 .text          0x0602e2d0        0x0 ../../Compiler/COMMON/SGL_302j/LIB_ELF/LIBSGL.A(sglJ05.o)
 .text          0x0602e2d0        0x0 ../../Compiler/COMMON/SGL_302j/LIB_ELF/LIBSGL.A(sglK01.o)
 .text          0x0602e2d0        0x0 ../../Compiler/COMMON/SGL_302j/LIB_ELF/LIBSGL.A(sglM01.o)
 .text          0x0602e2d0        0x0 ../../Compiler/COMMON/SGL_302j/LIB_ELF/LIBSGL.A(sglA00.o)
 .text          0x0602e2d0        0x0 ../../Compiler/COMMON/SGL_302j/LIB_ELF/LIBSGL.A(sglA01.o)
 .text          0x0602e2d0        0x0 ../../Compiler/COMMON/SGL_302j/LIB_ELF/LIBSGL.A(sglA20.o)
 .text          0x0602e2d0        0x0 ../../Compiler/COMMON/SGL_302j/LIB_ELF/LIBSGL.A(sglB000.o)
 .text          0x0602e2d0        0x0 ../../Compiler/COMMON/SGL_302j/LIB_ELF/LIBSGL.A(sglC00.o)
 .text          0x0602e2d0        0x0 ../../Compiler/COMMON/SGL_302j/LIB_ELF/LIBSGL.A(sglD02.o)
 .text          0x0602e2d0        0x0 ../../Compiler/COMMON/SGL_302j/LIB_ELF/LIBSGL.A(sglI00.o)
 .text          0x0602e2d0        0x0 ../../Compiler/COMMON/SGL_302j/LIB_ELF/LIBSGL.A(sglH03.o)
 .text          0x0602e2d0       0x52 c:/users/jason/desktop/saturn game project/joengine-master/compiler/windows/bin/../lib/gcc/sh-elf/9.3.0\libgcc.a(_ashiftrt.o)
                0x0602e2d0                __ashiftrt_r4_31
                0x0602e2d0                __ashiftrt_r4_32
                0x0602e2d6                __ashiftrt_r4_30
                0x0602e2d8                __ashiftrt_r4_29
                0x0602e2da                __ashiftrt_r4_28
                0x0602e2dc                __ashiftrt_r4_27
                0x0602e2de                __ashiftrt_r4_26
                0x0602e2e0                __ashiftrt_r4_25
                0x0602e2e2                __ashiftrt_r4_24
                0x0602e2ea                __ashiftrt_r4_23
                0x0602e2ec                __ashiftrt_r4_22
                0x0602e2ee                __ashiftrt_r4_21
                0x0602e2f0                __ashiftrt_r4_20
                0x0602e2f2                __ashiftrt_r4_19
                0x0602e2f4                __ashiftrt_r4_18
                0x0602e2f6                __ashiftrt_r4_17
                0x0602e2f8                __ashiftrt_r4_16
                0x0602e2fe                __ashiftrt_r4_15
                0x0602e300                __ashiftrt_r4_14
                0x0602e302                __ashiftrt_r4_13
                0x0602e304                __ashiftrt_r4_12
                0x0602e306                __ashiftrt_r4_11
                0x0602e308                __ashiftrt_r4_10
                0x0602e30a                __ashiftrt_r4_9
                0x0602e30c                __ashiftrt_r4_8
                0x0602e30e                __ashiftrt_r4_7
                0x0602e310                __ashiftrt_r4_6
                0x0602e312                __ashiftrt_r4_5
                0x0602e314                __ashiftrt_r4_4
                0x0602e316                __ashiftrt_r4_3
                0x0602e318                __ashiftrt_r4_2
                0x0602e31a                __ashiftrt_r4_1
                0x0602e31e                __ashiftrt_r4_0
 *fill*         0x0602e322        0x2 
 .text          0x0602e324       0x80 c:/users/jason/desktop/saturn game project/joengine-master/compiler/windows/bin/../lib/gcc/sh-elf/9.3.0\libgcc.a(_ashiftrt_n.o)
                0x0602e324                __ashrsi3
 .text          0x0602e3a4       0xbc c:/users/jason/desktop/saturn game project/joengine-master/compiler/windows/bin/../lib/gcc/sh-elf/9.3.0\libgcc.a(_ashiftlt.o)
                0x0602e3a4                __ashlsi3
                0x0602e3a8                __ashlsi3_r0
 .text          0x0602e460       0xbc c:/users/jason/desktop/saturn game project/joengine-master/compiler/windows/bin/../lib/gcc/sh-elf/9.3.0\libgcc.a(_lshiftrt.o)
                0x0602e460                __lshrsi3
                0x0602e464                __lshrsi3_r0
 .text          0x0602e51c       0xa0 c:/users/jason/desktop/saturn game project/joengine-master/compiler/windows/bin/../lib/gcc/sh-elf/9.3.0\libgcc.a(_sdivsi3.o)
                0x0602e51c                __sdivsi3
 .text          0x0602e5bc       0x6c c:/users/jason/desktop/saturn game project/joengine-master/compiler/windows/bin/../lib/gcc/sh-elf/9.3.0\libgcc.a(_udivsi3.o)
                0x0602e5de                __udivsi3
 .text          0x0602e628      0x21c c:/users/jason/desktop/saturn game project/joengine-master/compiler/windows/bin/../lib/gcc/sh-elf/9.3.0\libgcc.a(_addsub_sf.o)
                0x0602e7a8                __addsf3
                0x0602e7f4                __subsf3
 .text          0x0602e844      0x134 c:/users/jason/desktop/saturn game project/joengine-master/compiler/windows/bin/../lib/gcc/sh-elf/9.3.0\libgcc.a(_mul_sf.o)
                0x0602e844                __mulsf3
 .text          0x0602e978       0xdc c:/users/jason/desktop/saturn game project/joengine-master/compiler/windows/bin/../lib/gcc/sh-elf/9.3.0\libgcc.a(_div_sf.o)
                0x0602e978                __divsf3
 .text          0x0602ea54       0x54 c:/users/jason/desktop/saturn game project/joengine-master/compiler/windows/bin/../lib/gcc/sh-elf/9.3.0\libgcc.a(_eq_sf.o)
                0x0602ea54                __eqsf2
 .text          0x0602eaa8       0x54 c:/users/jason/desktop/saturn game project/joengine-master/compiler/windows/bin/../lib/gcc/sh-elf/9.3.0\libgcc.a(_gt_sf.o)
                0x0602eaa8                __gtsf2
 .text          0x0602eafc       0x54 c:/users/jason/desktop/saturn game project/joengine-master/compiler/windows/bin/../lib/gcc/sh-elf/9.3.0\libgcc.a(_ge_sf.o)
                0x0602eafc                __gesf2
 .text          0x0602eb50       0x54 c:/users/jason/desktop/saturn game project/joengine-master/compiler/windows/bin/../lib/gcc/sh-elf/9.3.0\libgcc.a(_lt_sf.o)
                0x0602eb50                __ltsf2
 .text          0x0602eba4       0x54 c:/users/jason/desktop/saturn game project/joengine-master/compiler/windows/bin/../lib/gcc/sh-elf/9.3.0\libgcc.a(_le_sf.o)
                0x0602eba4                __lesf2
 .text          0x0602ebf8       0x84 c:/users/jason/desktop/saturn game project/joengine-master/compiler/windows/bin/../lib/gcc/sh-elf/9.3.0\libgcc.a(_si_to_sf.o)
                0x0602ebf8                __floatsisf
 .text          0x0602ec7c       0x70 c:/users/jason/desktop/saturn game project/joengine-master/compiler/windows/bin/../lib/gcc/sh-elf/9.3.0\libgcc.a(_sf_to_si.o)
                0x0602ec7c                __fixsfsi
 .text          0x0602ecec       0x3c c:/users/jason/desktop/saturn game project/joengine-master/compiler/windows/bin/../lib/gcc/sh-elf/9.3.0\libgcc.a(_sf_to_df.o)
                0x0602ecec                __extendsfdf2
 .text          0x0602ed28        0x0 c:/users/jason/desktop/saturn game project/joengine-master/compiler/windows/bin/../lib/gcc/sh-elf/9.3.0\libgcc.a(_thenan_sf.o)
 .text          0x0602ed28       0x94 c:/users/jason/desktop/saturn game project/joengine-master/compiler/windows/bin/../lib/gcc/sh-elf/9.3.0\libgcc.a(_usi_to_sf.o)
                0x0602ed28                __floatunsisf
 .text          0x0602edbc      0x3e0 c:/users/jason/desktop/saturn game project/joengine-master/compiler/windows/bin/../lib/gcc/sh-elf/9.3.0\libgcc.a(_addsub_df.o)
                0x0602f0f8                __adddf3
                0x0602f148                __subdf3
 .text          0x0602f19c      0x208 c:/users/jason/desktop/saturn game project/joengine-master/compiler/windows/bin/../lib/gcc/sh-elf/9.3.0\libgcc.a(_mul_df.o)
                0x0602f19c                __muldf3
 .text          0x0602f3a4       0xa8 c:/users/jason/desktop/saturn game project/joengine-master/compiler/windows/bin/../lib/gcc/sh-elf/9.3.0\libgcc.a(_si_to_df.o)
                0x0602f3a4                __floatsidf
 .text          0x0602f44c       0xa0 c:/users/jason/desktop/saturn game project/joengine-master/compiler/windows/bin/../lib/gcc/sh-elf/9.3.0\libgcc.a(_df_to_si.o)
                0x0602f44c                __fixdfsi
 .text          0x0602f4ec       0x28 c:/users/jason/desktop/saturn game project/joengine-master/compiler/windows/bin/../lib/gcc/sh-elf/9.3.0\libgcc.a(_make_df.o)
                0x0602f4ec                __make_dp
 .text          0x0602f514       0x4c c:/users/jason/desktop/saturn game project/joengine-master/compiler/windows/bin/../lib/gcc/sh-elf/9.3.0\libgcc.a(_df_to_sf.o)
                0x0602f514                __truncdfsf2
 .text          0x0602f560        0x0 c:/users/jason/desktop/saturn game project/joengine-master/compiler/windows/bin/../lib/gcc/sh-elf/9.3.0\libgcc.a(_thenan_df.o)
 .text          0x0602f560       0x54 c:/users/jason/desktop/saturn game project/joengine-master/compiler/windows/bin/../lib/gcc/sh-elf/9.3.0\libgcc.a(_clzsi2.o)
                0x0602f560                __clzsi2
 .text          0x0602f5b4      0x11c c:/users/jason/desktop/saturn game project/joengine-master/compiler/windows/bin/../lib/gcc/sh-elf/9.3.0\libgcc.a(_pack_sf.o)
                0x0602f5b4                __pack_f
 .text          0x0602f6d0       0xa0 c:/users/jason/desktop/saturn game project/joengine-master/compiler/windows/bin/../lib/gcc/sh-elf/9.3.0\libgcc.a(_unpack_sf.o)
                0x0602f6d0                __unpack_f
 .text          0x0602f770       0xac c:/users/jason/desktop/saturn game project/joengine-master/compiler/windows/bin/../lib/gcc/sh-elf/9.3.0\libgcc.a(_fpcmp_parts_sf.o)
                0x0602f770                __fpcmp_parts_f
 .text          0x0602f81c       0x20 c:/users/jason/desktop/saturn game project/joengine-master/compiler/windows/bin/../lib/gcc/sh-elf/9.3.0\libgcc.a(_make_sf.o)
                0x0602f81c                __make_fp
 .text          0x0602f83c      0x274 c:/users/jason/desktop/saturn game project/joengine-master/compiler/windows/bin/../lib/gcc/sh-elf/9.3.0\libgcc.a(_pack_df.o)
                0x0602f83c                __pack_d
 .text          0x0602fab0       0xcc c:/users/jason/desktop/saturn game project/joengine-master/compiler/windows/bin/../lib/gcc/sh-elf/9.3.0\libgcc.a(_unpack_df.o)
                0x0602fab0                __unpack_d
 .text          0x0602fb7c        0x0 c:/users/jason/desktop/saturn game project/joengine-master/compiler/windows/bin/../lib/gcc/sh-elf/9.3.0\libgcc.a(_clz.o)
 .text          0x0602fb7c       0x1e c:/users/jason/desktop/saturn game project/joengine-master/compiler/windows/bin/../lib/gcc/sh-elf/9.3.0/../../../../sh-elf/lib\libc.a(lib_a-memcmp.o)
                0x0602fb7c                memcmp
 *fill*         0x0602fb9a        0x2 
 .text          0x0602fb9c       0x94 c:/users/jason/desktop/saturn game project/joengine-master/compiler/windows/bin/../lib/gcc/sh-elf/9.3.0/../../../../sh-elf/lib\libc.a(lib_a-memcpy.o)
                0x0602fb9c                memcpy
 .text          0x0602fc30       0x40 c:/users/jason/desktop/saturn game project/joengine-master/compiler/windows/bin/../lib/gcc/sh-elf/9.3.0/../../../../sh-elf/lib\libc.a(lib_a-memset.o)
                0x0602fc30                memset
 .text          0x0602fc70       0x8c c:/users/jason/desktop/saturn game project/joengine-master/compiler/windows/bin/../lib/gcc/sh-elf/9.3.0/../../../../sh-elf/lib\libc.a(lib_a-sprintf.o)
                0x0602fc70                _siprintf_r
                0x0602fc70                _sprintf_r
                0x0602fcb0                siprintf
                0x0602fcb0                sprintf
 .text          0x0602fcfc       0x2a c:/users/jason/desktop/saturn game project/joengine-master/compiler/windows/bin/../lib/gcc/sh-elf/9.3.0/../../../../sh-elf/lib\libc.a(lib_a-strncmp.o)
                0x0602fcfc                strncmp
 .text          0x0602fd26       0x36 c:/users/jason/desktop/saturn game project/joengine-master/compiler/windows/bin/../lib/gcc/sh-elf/9.3.0/../../../../sh-elf/lib\libc.a(lib_a-strncpy.o)
                0x0602fd26                strncpy
 .text          0x0602fd5c        0x0 c:/users/jason/desktop/saturn game project/joengine-master/compiler/windows/bin/../lib/gcc/sh-elf/9.3.0/../../../../sh-elf/lib\libc.a(lib_a-impure.o)
 .text          0x0602fd5c      0x444 c:/users/jason/desktop/saturn game project/joengine-master/compiler/windows/bin/../lib/gcc/sh-elf/9.3.0/../../../../sh-elf/lib\libc.a(lib_a-nano-svfprintf.o)
                0x0602fd5c                __ssputs_r
                0x0602fe50                __ssprint_r
                0x0602ff84                _svfprintf_r
                0x0602ff84                _svfiprintf_r
 .text          0x060301a0      0x380 c:/users/jason/desktop/saturn game project/joengine-master/compiler/windows/bin/../lib/gcc/sh-elf/9.3.0/../../../../sh-elf/lib\libc.a(lib_a-nano-vfprintf_i.o)
                0x060301a0                _printf_common
                0x060302a0                _printf_i
 .text          0x06030520       0x1c c:/users/jason/desktop/saturn game project/joengine-master/compiler/windows/bin/../lib/gcc/sh-elf/9.3.0/../../../../sh-elf/lib\libc.a(lib_a-memchr.o)
                0x06030520                memchr
 .text          0x0603053c       0x3c c:/users/jason/desktop/saturn game project/joengine-master/compiler/windows/bin/../lib/gcc/sh-elf/9.3.0/../../../../sh-elf/lib\libc.a(lib_a-memmove.o)
                0x0603053c                memmove
 .text          0x06030578       0xd0 c:/users/jason/desktop/saturn game project/joengine-master/compiler/windows/bin/../lib/gcc/sh-elf/9.3.0/../../../../sh-elf/lib\libc.a(lib_a-nano-freer.o)
                0x06030578                _free_r
 .text          0x06030648       0xf8 c:/users/jason/desktop/saturn game project/joengine-master/compiler/windows/bin/../lib/gcc/sh-elf/9.3.0/../../../../sh-elf/lib\libc.a(lib_a-nano-mallocr.o)
                0x06030648                _malloc_r
 .text          0x06030740       0x7c c:/users/jason/desktop/saturn game project/joengine-master/compiler/windows/bin/../lib/gcc/sh-elf/9.3.0/../../../../sh-elf/lib\libc.a(lib_a-nano-reallocr.o)
                0x06030740                _realloc_r
 .text          0x060307bc       0x30 c:/users/jason/desktop/saturn game project/joengine-master/compiler/windows/bin/../lib/gcc/sh-elf/9.3.0/../../../../sh-elf/lib\libc.a(lib_a-sbrkr.o)
                0x060307bc                _sbrk_r
 .text          0x060307ec      0x25c c:/users/jason/desktop/saturn game project/joengine-master/compiler/windows/bin/../lib/gcc/sh-elf/9.3.0/../../../../sh-elf/lib\libc.a(lib_a-syscalls.o)
                0x06030864                _read
                0x06030874                _lseek
                0x06030884                _write
                0x06030894                _close
                0x060308a4                _link
                0x060308a8                _sbrk
                0x06030900                _fstat
                0x0603090a                _open
                0x0603091c                _creat
                0x0603092c                _unlink
                0x06030930                isatty
                0x06030934                _isatty
                0x06030938                _exit
                0x06030948                _kill
                0x0603095c                _getpid
                0x06030960                _raise
                0x06030964                _stat
                0x06030974                _chmod
                0x06030984                _chown
                0x06030994                _utime
                0x060309a8                _fork
                0x060309b4                _wait
                0x060309c4                _execve
                0x060309d4                _execv
                0x060309e4                _pipe
                0x060309f0                _times
                0x060309f4                _gettimeofday
                0x06030a1c                __setup_argv_and_call_main
 .text          0x06030a48       0x14 c:/users/jason/desktop/saturn game project/joengine-master/compiler/windows/bin/../lib/gcc/sh-elf/9.3.0/../../../../sh-elf/lib\libc.a(lib_a-trap.o)
                0x06030a48                __trap34
 .text          0x06030a5c       0x18 c:/users/jason/desktop/saturn game project/joengine-master/compiler/windows/bin/../lib/gcc/sh-elf/9.3.0/../../../../sh-elf/lib\libc.a(lib_a-abort.o)
                0x06030a5c                abort
 .text          0x06030a74        0x8 c:/users/jason/desktop/saturn game project/joengine-master/compiler/windows/bin/../lib/gcc/sh-elf/9.3.0/../../../../sh-elf/lib\libc.a(lib_a-mlock.o)
                0x06030a74                __malloc_lock
                0x06030a78                __malloc_unlock
 .text          0x06030a7c       0x16 c:/users/jason/desktop/saturn game project/joengine-master/compiler/windows/bin/../lib/gcc/sh-elf/9.3.0/../../../../sh-elf/lib\libc.a(lib_a-nano-msizer.o)
                0x06030a7c                _malloc_usable_size_r
 *fill*         0x06030a92        0x2 
 .text          0x06030a94      0x1b4 c:/users/jason/desktop/saturn game project/joengine-master/compiler/windows/bin/../lib/gcc/sh-elf/9.3.0/../../../../sh-elf/lib\libc.a(lib_a-signal.o)
                0x06030a94                _init_signal_r
                0x06030ad4                _signal_r
                0x06030b20                _raise_r
                0x06030b98                __sigtramp_r
                0x06030bfc                raise
                0x06030c10                signal
                0x06030c24                _init_signal
                0x06030c34                __sigtramp
 .text          0x06030c48       0x40 c:/users/jason/desktop/saturn game project/joengine-master/compiler/windows/bin/../lib/gcc/sh-elf/9.3.0/../../../../sh-elf/lib\libc.a(lib_a-signalr.o)
                0x06030c48                _kill_r
                0x06030c7c                _getpid_r
 *(.strings)
 *(SEGA_P)
 *(.eh_frame_hdr)
 *(.eh_frame)
                0x06030c88                __etext = .

.text.startup   0x06030c90       0x40
 .text.startup  0x06030c90       0x40 ../../jo_engine/core.o
                0x06030c90                main

SLPROG          0x06030ce0    0x11400
                0x06030ce0                __slprog_start = .
 *(SLPROG)
 SLPROG         0x06030ce0     0x6540 ../../Compiler/COMMON/SGL_302j/LIB_ELF/SGLAREA.O
                0x06030ce0                MasterStack
                0x06030ce4                SlaveStack
                0x06030ce8                MaxVertices
                0x06030cea                MaxPolygons
                0x06030cec                SortList
                0x06030cf0                SortListSize
                0x06030cf4                TransList
                0x06030cf8                Zbuffer
                0x06030cfc                SpriteBuf
                0x06030d00                SpriteBufSize
                0x06030d04                Pbuffer
                0x06030d08                CommandBuf
                0x06030d0c                CLOfstBuf
                0x06030d10                PCM_Work
                0x06030d14                PCM_WkSize
                0x06030d18                MaxEvents
                0x06030d1a                EventSize
                0x06030d1c                MaxWorks
                0x06030d1e                WorkSize
                0x06030d20                RemainEvent
                0x06030e20                RemainWork
                0x06031220                EventBuf
                0x06033220                WorkBuf
 SLPROG         0x06037220       0x20 ../../Compiler/COMMON/SGL_302j/LIB_ELF/LIBSGL.A(sglB001.o)
                0x06037220                slTVOn
                0x0603722a                slTVOff
 SLPROG         0x06037240       0x24 ../../Compiler/COMMON/SGL_302j/LIB_ELF/LIBSGL.A(sglB011.o)
                0x06037240                slBitMapNbg1
 *fill*         0x06037264        0xc 
 SLPROG         0x06037270        0x8 ../../Compiler/COMMON/SGL_302j/LIB_ELF/LIBSGL.A(sglB014.o)
                0x06037270                slScrTransparent
 *fill*         0x06037278        0x8 
 SLPROG         0x06037280      0x40c ../../Compiler/COMMON/SGL_302j/LIB_ELF/LIBSGL.A(sglB015.o)
                0x06037280                slScrAutoDisp
 *fill*         0x0603768c        0x4 
 SLPROG         0x06037690        0xc ../../Compiler/COMMON/SGL_302j/LIB_ELF/LIBSGL.A(sglB016.o)
                0x06037690                slBack1ColSet
 *fill*         0x0603769c        0x4 
 SLPROG         0x060376a0       0x10 ../../Compiler/COMMON/SGL_302j/LIB_ELF/LIBSGL.A(sglB020.o)
                0x060376a0                slColorCalc
 SLPROG         0x060376b0        0xc ../../Compiler/COMMON/SGL_302j/LIB_ELF/LIBSGL.A(sglB021.o)
                0x060376b0                slColorCalcOn
 *fill*         0x060376bc        0x4 
 SLPROG         0x060376c0        0xc ../../Compiler/COMMON/SGL_302j/LIB_ELF/LIBSGL.A(sglB023.o)
                0x060376c0                slColRate
 *fill*         0x060376cc        0x4 
 SLPROG         0x060376d0       0xb0 ../../Compiler/COMMON/SGL_302j/LIB_ELF/LIBSGL.A(sglB031.o)
                0x060376d0                slMapNbg0
 SLPROG         0x06037780       0xb4 ../../Compiler/COMMON/SGL_302j/LIB_ELF/LIBSGL.A(sglB032.o)
                0x06037780                slMapNbg1
 *fill*         0x06037834        0xc 
 SLPROG         0x06037840       0xb0 ../../Compiler/COMMON/SGL_302j/LIB_ELF/LIBSGL.A(sglB033.o)
                0x06037840                slMapNbg2
 SLPROG         0x060378f0       0xb4 ../../Compiler/COMMON/SGL_302j/LIB_ELF/LIBSGL.A(sglB034.o)
                0x060378f0                slMapNbg3
 *fill*         0x060379a4        0xc 
 SLPROG         0x060379b0       0xd4 ../../Compiler/COMMON/SGL_302j/LIB_ELF/LIBSGL.A(sglB035.o)
                0x060379b0                sl1MapRA
                0x06037a42                rbank_set
 *fill*         0x06037a84        0xc 
 SLPROG         0x06037a90       0xa0 ../../Compiler/COMMON/SGL_302j/LIB_ELF/LIBSGL.A(sglB036.o)
                0x06037a90                sl1MapRB
 SLPROG         0x06037b30       0x70 ../../Compiler/COMMON/SGL_302j/LIB_ELF/LIBSGL.A(sglB038.o)
                0x06037b30                slRparaInitSet
 SLPROG         0x06037ba0       0x7e ../../Compiler/COMMON/SGL_302j/LIB_ELF/LIBSGL.A(sglB039.o)
                0x06037ba0                slMakeKtable
 *fill*         0x06037c1e        0x2 
 SLPROG         0x06037c20       0x58 ../../Compiler/COMMON/SGL_302j/LIB_ELF/LIBSGL.A(sglB040.o)
                0x06037c20                slKtableRA
 *fill*         0x06037c78        0x8 
 SLPROG         0x06037c80       0x5c ../../Compiler/COMMON/SGL_302j/LIB_ELF/LIBSGL.A(sglB041.o)
                0x06037c80                slKtableRB
 *fill*         0x06037cdc        0x4 
 SLPROG         0x06037ce0        0x8 ../../Compiler/COMMON/SGL_302j/LIB_ELF/LIBSGL.A(sglB043.o)
                0x06037ce0                slRparaMode
 *fill*         0x06037ce8        0x8 
 SLPROG         0x06037cf0        0xc ../../Compiler/COMMON/SGL_302j/LIB_ELF/LIBSGL.A(sglB047.o)
                0x06037cf0                slOverRA
 *fill*         0x06037cfc        0x4 
 SLPROG         0x06037d00       0x10 ../../Compiler/COMMON/SGL_302j/LIB_ELF/LIBSGL.A(sglB048.o)
                0x06037d00                slOverRB
 SLPROG         0x06037d10        0xc ../../Compiler/COMMON/SGL_302j/LIB_ELF/LIBSGL.A(sglB055.o)
                0x06037d10                slPlaneNbg0
 *fill*         0x06037d1c        0x4 
 SLPROG         0x06037d20        0xc ../../Compiler/COMMON/SGL_302j/LIB_ELF/LIBSGL.A(sglB056.o)
                0x06037d20                slPlaneNbg1
 *fill*         0x06037d2c        0x4 
 SLPROG         0x06037d30       0x10 ../../Compiler/COMMON/SGL_302j/LIB_ELF/LIBSGL.A(sglB057.o)
                0x06037d30                slPlaneNbg2
 SLPROG         0x06037d40       0x10 ../../Compiler/COMMON/SGL_302j/LIB_ELF/LIBSGL.A(sglB058.o)
                0x06037d40                slPlaneNbg3
 SLPROG         0x06037d50        0xc ../../Compiler/COMMON/SGL_302j/LIB_ELF/LIBSGL.A(sglB059.o)
                0x06037d50                slPlaneRA
 *fill*         0x06037d5c        0x4 
 SLPROG         0x06037d60       0x10 ../../Compiler/COMMON/SGL_302j/LIB_ELF/LIBSGL.A(sglB060.o)
                0x06037d60                slPlaneRB
 SLPROG         0x06037d70        0xc ../../Compiler/COMMON/SGL_302j/LIB_ELF/LIBSGL.A(sglB063.o)
                0x06037d70                slPriority
 *fill*         0x06037d7c        0x4 
 SLPROG         0x06037d80       0x18 ../../Compiler/COMMON/SGL_302j/LIB_ELF/LIBSGL.A(sglB087.o)
                0x06037d80                slLineScrollTable0
 *fill*         0x06037d98        0x8 
 SLPROG         0x06037da0        0x8 ../../Compiler/COMMON/SGL_302j/LIB_ELF/LIBSGL.A(sglB088.o)
                0x06037da0                slLineScrollTable1
 *fill*         0x06037da8        0x8 
 SLPROG         0x06037db0        0xc ../../Compiler/COMMON/SGL_302j/LIB_ELF/LIBSGL.A(sglB090.o)
                0x06037db0                slLineScrollMode
 *fill*         0x06037dbc        0x4 
 SLPROG         0x06037dc0      0x114 ../../Compiler/COMMON/SGL_302j/LIB_ELF/LIBSGL.A(sglB200.o)
                0x06037dc0                slCharRbg0
                0x06037dcc                slCharNbg0
                0x06037dd8                slCharNbg1
                0x06037de4                slCharNbg2
                0x06037dfa                slCharNbg3
                0x06037e12                slPageRbg0
                0x06037e28                slPageNbg1
                0x06037e30                slPageNbg2
                0x06037e38                slPageNbg3
                0x06037e44                slPageNbg0
 *fill*         0x06037ed4        0xc 
 SLPROG         0x06037ee0       0x78 ../../Compiler/COMMON/SGL_302j/LIB_ELF/LIBSGL.A(sglC05.o)
                0x06037ee0                slSetSprite
 *fill*         0x06037f58        0x8 
 SLPROG         0x06037f60       0xfa ../../Compiler/COMMON/SGL_302j/LIB_ELF/LIBSGL.A(sglC06.o)
                0x06037f60                slDispSprite
 *fill*         0x0603805a        0x6 
 SLPROG         0x06038060      0x162 ../../Compiler/COMMON/SGL_302j/LIB_ELF/LIBSGL.A(sglC07.o)
                0x06038066                slPutSprite
 *fill*         0x060381c2        0xe 
 SLPROG         0x060381d0       0x4c ../../Compiler/COMMON/SGL_302j/LIB_ELF/LIBSGL.A(sglC17.o)
                0x060381d0                slDispSpriteHV
 *fill*         0x0603821c        0x4 
 SLPROG         0x06038220       0xd4 ../../Compiler/COMMON/SGL_302j/LIB_ELF/LIBSGL.A(sglC19.o)
                0x06038220                slDispSprite4P
 *fill*         0x060382f4        0xc 
 SLPROG         0x06038300       0x40 ../../Compiler/COMMON/SGL_302j/LIB_ELF/LIBSGL.A(sglC20.o)
                0x06038300                SpriteEntry
 SLPROG         0x06038340      0x4ae ../../Compiler/COMMON/SGL_302j/LIB_ELF/LIBSGL.A(sglC21.o)
                0x060383c8                RotSprite
                0x06038456                SetSprPosition
 *fill*         0x060387ee        0x2 
 SLPROG         0x060387f0       0x84 ../../Compiler/COMMON/SGL_302j/LIB_ELF/LIBSGL.A(sglD00.o)
                0x060387f0                slCpuDMACopy
                0x060387f0                slDMACopy
                0x0603884a                CSH_AllClr
                0x0603884a                slCashPurge
 *fill*         0x06038874        0xc 
 SLPROG         0x06038880       0xa0 ../../Compiler/COMMON/SGL_302j/LIB_ELF/LIBSGL.A(sglD01.o)
                0x06038880                slDMAXCopy
 SLPROG         0x06038920        0xc ../../Compiler/COMMON/SGL_302j/LIB_ELF/LIBSGL.A(sglD03.o)
                0x06038920                slDMAStatus
 *fill*         0x0603892c        0x4 
 SLPROG         0x06038930       0x20 ../../Compiler/COMMON/SGL_302j/LIB_ELF/LIBSGL.A(sglD15.o)
                0x06038930                CSH_Purge
 SLPROG         0x06038950       0x84 ../../Compiler/COMMON/SGL_302j/LIB_ELF/LIBSGL.A(sglD16.o)
                0x06038950                DMA_ScuSetPrm
                0x06038998                DMA_SCU_PRM0
 *fill*         0x060389d4        0xc 
 SLPROG         0x060389e0       0x88 ../../Compiler/COMMON/SGL_302j/LIB_ELF/LIBSGL.A(sglD17.o)
                0x060389e0                DMA_ScuStart
 *fill*         0x06038a68        0x8 
 SLPROG         0x06038a70       0x34 ../../Compiler/COMMON/SGL_302j/LIB_ELF/LIBSGL.A(sglD18.o)
                0x06038a70                DMA_ScuGetStatus
 *fill*         0x06038aa4        0xc 
 SLPROG         0x06038ab0       0x34 ../../Compiler/COMMON/SGL_302j/LIB_ELF/LIBSGL.A(sglF08.o)
                0x06038ab0                slDec2Hex
 *fill*         0x06038ae4        0xc 
 SLPROG         0x06038af0      0x1d0 ../../Compiler/COMMON/SGL_302j/LIB_ELF/LIBSGL.A(sglG00.o)
                0x06038af0                slInitSound
                0x06038bf4                slWaitSound
                0x06038c0c                slSndFlush
 SLPROG         0x06038cc0       0x18 ../../Compiler/COMMON/SGL_302j/LIB_ELF/LIBSGL.A(sglG01.o)
                0x06038cc0                slSndVolume
 *fill*         0x06038cd8        0x8 
 SLPROG         0x06038ce0       0x4c ../../Compiler/COMMON/SGL_302j/LIB_ELF/LIBSGL.A(sglG19.o)
                0x06038ce0                slCDDAOn
 *fill*         0x06038d2c        0x4 
 SLPROG         0x06038d30      0x1e0 ../../Compiler/COMMON/SGL_302j/LIB_ELF/LIBSGL.A(sglG21.o)
                0x06038d38                slPCMOn
                0x06038e56                slSndPCMNum
 SLPROG         0x06038f10       0x48 ../../Compiler/COMMON/SGL_302j/LIB_ELF/LIBSGL.A(sglG22.o)
                0x06038f10                slPCMOff
 *fill*         0x06038f58        0x8 
 SLPROG         0x06038f60       0x18 ../../Compiler/COMMON/SGL_302j/LIB_ELF/LIBSGL.A(sglG25.o)
                0x06038f60                slPCMStat
 *fill*         0x06038f78        0x8 
 SLPROG         0x06038f80      0xfc8 ../../Compiler/COMMON/SGL_302j/LIB_ELF/LIBSGL.A(sglH00.o)
                0x06038f98                slGetPortDir1
                0x06038fa0                slGetPortDir2
                0x06038fa8                slSetPortDir1
                0x06038fd2                slSetPortDir2
                0x0603900c                slGetPortData1
                0x06039014                slGetPortData2
                0x0603901c                slSetPortData1
                0x06039026                slSetPortData2
                0x06039038                slGetPortSelect1
                0x06039042                slGetPortSelect2
                0x0603904c                slSetPortSelect1
                0x06039080                slSetPortSelect2
                0x060390bc                slGetPortExt1
                0x060390c6                slGetPortExt2
                0x060390d0                slSetPortExt1
                0x06039100                slSetPortExt2
                0x06039274                slSmpcDirectAccess
                0x060392f4                slInitPeripheral
                0x06039386                slSetResultBuffer
                0x06039412                slCheckIntBackSet
                0x0603941e                slIntBackCancel
                0x06039448                slCheckReset
                0x06039452                slClearReset
                0x06039618                slSmpcCashSend
                0x060396d4                slSmpcCashBlow
                0x060397b0                slGetOptimize
                0x060397ba                slSetOptimize
                0x060397e0                slGetPortMode1
                0x060397ec                slGetPortMode2
                0x060397fa                slSetPortMode1
                0x06039838                slSetPortMode2
                0x060399c4                slRequestCommand
                0x06039a34                Smpc_Status
                0x06039a38                Smpc_Result
                0x06039a3c                Smpc_Peripheral
                0x06039a42                Per_Connect1
                0x06039a43                Per_Connect2
                0x06039a64                SmpcStatusBuf
 *fill*         0x06039f48        0x8 
 SLPROG         0x06039f50       0xa8 ../../Compiler/COMMON/SGL_302j/LIB_ELF/LIBSGL.A(sglH01.o)
                0x06039f50                slGetLanguage
                0x06039f5a                slSetLanguage
                0x06039f7c                slGetSoundEffect
                0x06039f88                slSetSoundEffect
                0x06039fa4                slGetSoundOutput
                0x06039fb0                slSetSoundOutput
                0x06039fcc                slGetHelpWindow
                0x06039fd8                slSetHelpWindow
 *fill*         0x06039ff8        0x8 
 SLPROG         0x0603a000      0x470 ../../Compiler/COMMON/SGL_302j/LIB_ELF/LIBSGL.A(sglH02.o)
                0x0603a3f0                smpc_pfr_tbl
                0x0603a430                smpc_ptf_tbl
 SLPROG         0x0603a470       0x60 ../../Compiler/COMMON/SGL_302j/LIB_ELF/LIBSGL.A(sglH04.o)
                0x0603a470                slComPrmIntBack
                0x0603a484                slComPrmSetMemory
                0x0603a49a                slComPrmSetTime
 SLPROG         0x0603a4d0      0x3a4 ../../Compiler/COMMON/SGL_302j/LIB_ELF/LIBSGL.A(sglI01.o)
                0x0603a4d0                slInitSynch
                0x0603a4ea                slSynch
                0x0603a5e0                slRandom
                0x0603a5fe                PCM_EndCheck
                0x0603a6ba                RetPCMBuf
                0x0603a754                PCM_Buf
                0x0603a7f4                Sound_Buf
 *fill*         0x0603a874        0xc 
 SLPROG         0x0603a880       0x10 ../../Compiler/COMMON/SGL_302j/LIB_ELF/LIBSGL.A(sglI04.o)
                0x0603a880                slIntFunction
 SLPROG         0x0603a890       0x74 ../../Compiler/COMMON/SGL_302j/LIB_ELF/LIBSGL.A(sglJ00.o)
                0x0603a890                InitSlaveSH
                0x0603a8f8                SlaveCommand
 *fill*         0x0603a904        0xc 
 SLPROG         0x0603a910      0x3d0 ../../Compiler/COMMON/SGL_302j/LIB_ELF/LIBSGL.A(sglJ01.o)
                0x0603a910                SlaveControl
                0x0603accc                ErasePolygonData
 SLPROG         0x0603ace0     0x12b8 ../../Compiler/COMMON/SGL_302j/LIB_ELF/LIBSGL.A(sglJ02.o)
                0x0603ace0                sbMakePolygon
                0x0603aec8                sbCalcPolygon
                0x0603bc00                SetTexture
                0x0603bc0c                SetPolygon
                0x0603bc14                SetPosition
                0x0603bc4c                stvtc_4
                0x0603bd04                stvtc_3
                0x0603bf14                stvtc_1
                0x0603bf28                stvtc_2
                0x0603bf3c                stvtc_0
 *fill*         0x0603bf98        0x8 
 SLPROG         0x0603bfa0      0x140 ../../Compiler/COMMON/SGL_302j/LIB_ELF/LIBSGL.A(sglJ03.o)
                0x0603bfa0                sbMakeDMATable
 SLPROG         0x0603c0e0      0x470 ../../Compiler/COMMON/SGL_302j/LIB_ELF/LIBSGL.A(sglJ04.o)
                0x0603c13e                sbMakeSprite
                0x0603c1a4                sbMakeRotSprite
 SLPROG         0x0603c550       0x3c ../../Compiler/COMMON/SGL_302j/LIB_ELF/LIBSGL.A(sglJ05.o)
                0x0603c550                sbSortEntry
 *fill*         0x0603c58c        0x4 
 SLPROG         0x0603c590       0x6a ../../Compiler/COMMON/SGL_302j/LIB_ELF/LIBSGL.A(sglM01.o)
                0x0603c590                slSetDepthLimit
                0x0603c5bc                slSetDepthTbl
                0x0603c5ec                DepthWorkArea
 *fill*         0x0603c5fa        0x6 
 SLPROG         0x0603c600       0x20 ../../Compiler/COMMON/SGL_302j/LIB_ELF/LIBSGL.A(sglA00.o)
                0x0603c600                set_imask
                0x0603c600                _builtin_set_imask
                0x0603c614                _builtin_get_imask
                0x0603c614                get_imask
 SLPROG         0x0603c620     0x411e ../../Compiler/COMMON/SGL_302j/LIB_ELF/LIBSGL.A(sglA01.o)
                0x0603c620                slSin
                0x0603c644                slCos
                0x0603c668                GetSinCos
                0x0603c6fc                sin_cos_index_tbl
                0x0603c73c                sin_tbl
 *fill*         0x0604073e        0x2 
 SLPROG         0x06040740      0x42c ../../Compiler/COMMON/SGL_302j/LIB_ELF/LIBSGL.A(sglA20.o)
                0x06040740                slInitMatrix
                0x0604074a                slPushUnitMatrix
                0x0604075e                slUnitMatrix
 *fill*         0x06040b6c        0x4 
 SLPROG         0x06040b70      0xbd0 ../../Compiler/COMMON/SGL_302j/LIB_ELF/LIBSGL.A(sglB000.o)
                0x06040b70                slInitScroll
                0x06040c90                setASC_1to8
                0x06040cc0                setASC_4to8
                0x06040dd0                TVSizeTbl
                0x06040e50                TVModeTbl
                0x06041028                SGL_ASCII_CG
 SLPROG         0x06041740      0x134 ../../Compiler/COMMON/SGL_302j/LIB_ELF/LIBSGL.A(sglC00.o)
                0x06041740                slInitSprite
 *fill*         0x06041874        0xc 
 SLPROG         0x06041880       0x10 ../../Compiler/COMMON/SGL_302j/LIB_ELF/LIBSGL.A(sglD02.o)
                0x06041880                slDMAWait
 SLPROG         0x06041890      0x75c ../../Compiler/COMMON/SGL_302j/LIB_ELF/LIBSGL.A(sglI00.o)
                0x06041b80                slInitInterrupt
 *fill*         0x06041fec        0x4 
 SLPROG         0x06041ff0       0xf0 ../../Compiler/COMMON/SGL_302j/LIB_ELF/LIBSGL.A(sglH03.o)
                0x06042054                slSmpcIntBack
                0x060420e0                __slprog_end = .

.tors           0x060420e0        0x0
                0x060420e0                ___ctors = .
 *(.ctors)
                0x060420e0                ___ctors_end = .
                0x060420e0                ___dtors = .
 *(.dtors)
                0x060420e0                ___dtors_end = .

.data           0x060420e0     0x6d40
 *(.data)
 .data          0x060420e0        0x0 ../../Compiler/COMMON/SGL_302j/LIB_ELF/SGLAREA.O
 .data          0x060420e0       0x20 main.o
 .data          0x06042100        0x0 hamster.o
 .data          0x06042100        0x0 ../../jo_engine/tga.o
 .data          0x06042100     0x682f ../../jo_engine/audio.o
                0x0604213c                sddrvstsk
 *fill*         0x0604892f        0x1 
 .data          0x06048930        0x4 ../../jo_engine/fs.o
 .data          0x06048934        0x0 ../../jo_engine/font.o
 .data          0x06048934        0x0 ../../jo_engine/input.o
 .data          0x06048934        0x0 ../../jo_engine/physics.o
 .data          0x06048934        0x0 ../../jo_engine/core.o
 .data          0x06048934        0x4 ../../jo_engine/math.o
                0x06048934                jo_random_seed
 .data          0x06048938        0x0 ../../jo_engine/malloc.o
 .data          0x06048938        0x0 ../../jo_engine/tools.o
 .data          0x06048938        0x0 ../../jo_engine/palette.o
 .data          0x06048938       0x2c ../../jo_engine/sprites.o
                0x0604893c                __jo_gouraud_shading_runtime_index
                0x06048940                __jo_sprite_pos
                0x0604894c                __jo_sprite_attributes
 .data          0x06048964        0x0 ../../jo_engine/map.o
 .data          0x06048964        0x0 ../../jo_engine/list.o
 .data          0x06048964        0x4 ../../jo_engine/sprite_animator.o
 .data          0x06048968        0x0 ../../jo_engine/image.o
 .data          0x06048968        0x0 ../../jo_engine/vdp2.o
 .data          0x06048968        0x0 ../../jo_engine/time.o
 .data          0x06048968        0x0 ../../jo_engine/vdp1_command_pipeline.o
 .data          0x06048968       0x10 ../../jo_engine/vdp2_malloc.o
 *fill*         0x06048978        0x8 
 .data          0x06048980        0x0 ../../Compiler/COMMON/SGL_302j/LIB_ELF/SEGA_SYS.A(sys_exit.o)
 .data          0x06048980        0x0 ../../Compiler/COMMON/SGL_302j/LIB_ELF/SEGA_SYS.A(sys_sub.o)
 .data          0x06048980        0x0 ../../Compiler/COMMON/SGL_302j/LIB_ELF/LIBCD.A(CDC_CMN.O)
 .data          0x06048980        0x0 ../../Compiler/COMMON/SGL_302j/LIB_ELF/LIBCD.A(CDC_DRV.O)
 .data          0x06048980        0x0 ../../Compiler/COMMON/SGL_302j/LIB_ELF/LIBCD.A(CDC_CFS.O)
 .data          0x06048980        0x0 ../../Compiler/COMMON/SGL_302j/LIB_ELF/LIBCD.A(CDC_REG.O)
 .data          0x06048980        0x0 ../../Compiler/COMMON/SGL_302j/LIB_ELF/LIBCD.A(CDC_SUB.O)
 .data          0x06048980        0x0 ../../Compiler/COMMON/SGL_302j/LIB_ELF/LIBCD.A(GFS.O)
 .data          0x06048980        0x0 ../../Compiler/COMMON/SGL_302j/LIB_ELF/LIBCD.A(GFS_BUF.O)
 .data          0x06048980        0x0 ../../Compiler/COMMON/SGL_302j/LIB_ELF/LIBCD.A(GFS_CDB.O)
 .data          0x06048980        0x0 ../../Compiler/COMMON/SGL_302j/LIB_ELF/LIBCD.A(GFS_CDC.O)
 .data          0x06048980        0x0 ../../Compiler/COMMON/SGL_302j/LIB_ELF/LIBCD.A(GFS_CDF.O)
 .data          0x06048980        0x0 ../../Compiler/COMMON/SGL_302j/LIB_ELF/LIBCD.A(GFS_DIR.O)
 .data          0x06048980        0x0 ../../Compiler/COMMON/SGL_302j/LIB_ELF/LIBCD.A(GFS_TRN.O)
 .data          0x06048980        0x0 ../../Compiler/COMMON/SGL_302j/LIB_ELF/LIBCD.A(CDC_DEV.O)
 .data          0x06048980        0x0 ../../Compiler/COMMON/SGL_302j/LIB_ELF/LIBCD.A(CDC_SEL.O)
 .data          0x06048980        0x0 ../../Compiler/COMMON/SGL_302j/LIB_ELF/LIBCD.A(CDC_BIF.O)
 .data          0x06048980        0x0 ../../Compiler/COMMON/SGL_302j/LIB_ELF/LIBCD.A(CDC_BIO.O)
 .data          0x06048980        0x0 ../../Compiler/COMMON/SGL_302j/LIB_ELF/LIBSGL.A(sglB001.o)
 .data          0x06048980        0x0 ../../Compiler/COMMON/SGL_302j/LIB_ELF/LIBSGL.A(sglB011.o)
 .data          0x06048980        0x0 ../../Compiler/COMMON/SGL_302j/LIB_ELF/LIBSGL.A(sglB014.o)
 .data          0x06048980        0x0 ../../Compiler/COMMON/SGL_302j/LIB_ELF/LIBSGL.A(sglB015.o)
 .data          0x06048980        0x0 ../../Compiler/COMMON/SGL_302j/LIB_ELF/LIBSGL.A(sglB016.o)
 .data          0x06048980        0x0 ../../Compiler/COMMON/SGL_302j/LIB_ELF/LIBSGL.A(sglB020.o)
 .data          0x06048980        0x0 ../../Compiler/COMMON/SGL_302j/LIB_ELF/LIBSGL.A(sglB021.o)
 .data          0x06048980        0x0 ../../Compiler/COMMON/SGL_302j/LIB_ELF/LIBSGL.A(sglB023.o)
 .data          0x06048980        0x0 ../../Compiler/COMMON/SGL_302j/LIB_ELF/LIBSGL.A(sglB031.o)
 .data          0x06048980        0x0 ../../Compiler/COMMON/SGL_302j/LIB_ELF/LIBSGL.A(sglB032.o)
 .data          0x06048980        0x0 ../../Compiler/COMMON/SGL_302j/LIB_ELF/LIBSGL.A(sglB033.o)
 .data          0x06048980        0x0 ../../Compiler/COMMON/SGL_302j/LIB_ELF/LIBSGL.A(sglB034.o)
 .data          0x06048980        0x0 ../../Compiler/COMMON/SGL_302j/LIB_ELF/LIBSGL.A(sglB035.o)
 .data          0x06048980        0x0 ../../Compiler/COMMON/SGL_302j/LIB_ELF/LIBSGL.A(sglB036.o)
 .data          0x06048980        0x0 ../../Compiler/COMMON/SGL_302j/LIB_ELF/LIBSGL.A(sglB038.o)
 .data          0x06048980        0x0 ../../Compiler/COMMON/SGL_302j/LIB_ELF/LIBSGL.A(sglB039.o)
 .data          0x06048980        0x0 ../../Compiler/COMMON/SGL_302j/LIB_ELF/LIBSGL.A(sglB040.o)
 .data          0x06048980        0x0 ../../Compiler/COMMON/SGL_302j/LIB_ELF/LIBSGL.A(sglB041.o)
 .data          0x06048980        0x0 ../../Compiler/COMMON/SGL_302j/LIB_ELF/LIBSGL.A(sglB043.o)
 .data          0x06048980        0x0 ../../Compiler/COMMON/SGL_302j/LIB_ELF/LIBSGL.A(sglB047.o)
 .data          0x06048980        0x0 ../../Compiler/COMMON/SGL_302j/LIB_ELF/LIBSGL.A(sglB048.o)
 .data          0x06048980        0x0 ../../Compiler/COMMON/SGL_302j/LIB_ELF/LIBSGL.A(sglB055.o)
 .data          0x06048980        0x0 ../../Compiler/COMMON/SGL_302j/LIB_ELF/LIBSGL.A(sglB056.o)
 .data          0x06048980        0x0 ../../Compiler/COMMON/SGL_302j/LIB_ELF/LIBSGL.A(sglB057.o)
 .data          0x06048980        0x0 ../../Compiler/COMMON/SGL_302j/LIB_ELF/LIBSGL.A(sglB058.o)
 .data          0x06048980        0x0 ../../Compiler/COMMON/SGL_302j/LIB_ELF/LIBSGL.A(sglB059.o)
 .data          0x06048980        0x0 ../../Compiler/COMMON/SGL_302j/LIB_ELF/LIBSGL.A(sglB060.o)
 .data          0x06048980        0x0 ../../Compiler/COMMON/SGL_302j/LIB_ELF/LIBSGL.A(sglB063.o)
 .data          0x06048980        0x0 ../../Compiler/COMMON/SGL_302j/LIB_ELF/LIBSGL.A(sglB087.o)
 .data          0x06048980        0x0 ../../Compiler/COMMON/SGL_302j/LIB_ELF/LIBSGL.A(sglB088.o)
 .data          0x06048980        0x0 ../../Compiler/COMMON/SGL_302j/LIB_ELF/LIBSGL.A(sglB090.o)
 .data          0x06048980        0x0 ../../Compiler/COMMON/SGL_302j/LIB_ELF/LIBSGL.A(sglB200.o)
 .data          0x06048980        0x0 ../../Compiler/COMMON/SGL_302j/LIB_ELF/LIBSGL.A(sglC05.o)
 .data          0x06048980        0x0 ../../Compiler/COMMON/SGL_302j/LIB_ELF/LIBSGL.A(sglC06.o)
 .data          0x06048980        0x0 ../../Compiler/COMMON/SGL_302j/LIB_ELF/LIBSGL.A(sglC07.o)
 .data          0x06048980        0x0 ../../Compiler/COMMON/SGL_302j/LIB_ELF/LIBSGL.A(sglC17.o)
 .data          0x06048980        0x0 ../../Compiler/COMMON/SGL_302j/LIB_ELF/LIBSGL.A(sglC19.o)
 .data          0x06048980        0x0 ../../Compiler/COMMON/SGL_302j/LIB_ELF/LIBSGL.A(sglC20.o)
 .data          0x06048980        0x0 ../../Compiler/COMMON/SGL_302j/LIB_ELF/LIBSGL.A(sglC21.o)
 .data          0x06048980        0x0 ../../Compiler/COMMON/SGL_302j/LIB_ELF/LIBSGL.A(sglD00.o)
 .data          0x06048980        0x0 ../../Compiler/COMMON/SGL_302j/LIB_ELF/LIBSGL.A(sglD01.o)
 .data          0x06048980        0x0 ../../Compiler/COMMON/SGL_302j/LIB_ELF/LIBSGL.A(sglD03.o)
 .data          0x06048980        0x0 ../../Compiler/COMMON/SGL_302j/LIB_ELF/LIBSGL.A(sglD15.o)
 .data          0x06048980        0x0 ../../Compiler/COMMON/SGL_302j/LIB_ELF/LIBSGL.A(sglD16.o)
 .data          0x06048980        0x0 ../../Compiler/COMMON/SGL_302j/LIB_ELF/LIBSGL.A(sglD17.o)
 .data          0x06048980        0x0 ../../Compiler/COMMON/SGL_302j/LIB_ELF/LIBSGL.A(sglD18.o)
 .data          0x06048980        0x0 ../../Compiler/COMMON/SGL_302j/LIB_ELF/LIBSGL.A(sglF08.o)
 .data          0x06048980        0x0 ../../Compiler/COMMON/SGL_302j/LIB_ELF/LIBSGL.A(sglG00.o)
 .data          0x06048980        0x0 ../../Compiler/COMMON/SGL_302j/LIB_ELF/LIBSGL.A(sglG01.o)
 .data          0x06048980        0x0 ../../Compiler/COMMON/SGL_302j/LIB_ELF/LIBSGL.A(sglG19.o)
 .data          0x06048980        0x0 ../../Compiler/COMMON/SGL_302j/LIB_ELF/LIBSGL.A(sglG21.o)
 .data          0x06048980        0x0 ../../Compiler/COMMON/SGL_302j/LIB_ELF/LIBSGL.A(sglG22.o)
 .data          0x06048980        0x0 ../../Compiler/COMMON/SGL_302j/LIB_ELF/LIBSGL.A(sglG25.o)
 .data          0x06048980        0x0 ../../Compiler/COMMON/SGL_302j/LIB_ELF/LIBSGL.A(sglH00.o)
 .data          0x06048980        0x0 ../../Compiler/COMMON/SGL_302j/LIB_ELF/LIBSGL.A(sglH01.o)
 .data          0x06048980        0x0 ../../Compiler/COMMON/SGL_302j/LIB_ELF/LIBSGL.A(sglH02.o)
 .data          0x06048980        0x0 ../../Compiler/COMMON/SGL_302j/LIB_ELF/LIBSGL.A(sglH04.o)
 .data          0x06048980        0x0 ../../Compiler/COMMON/SGL_302j/LIB_ELF/LIBSGL.A(sglI01.o)
 .data          0x06048980        0x0 ../../Compiler/COMMON/SGL_302j/LIB_ELF/LIBSGL.A(sglI04.o)
 .data          0x06048980       0x80 ../../Compiler/COMMON/SGL_302j/LIB_ELF/LIBSGL.A(sglIc0.o)
                0x06048980                IntPrioMask
 .data          0x06048a00        0x0 ../../Compiler/COMMON/SGL_302j/LIB_ELF/LIBSGL.A(sglJ00.o)
 .data          0x06048a00        0x0 ../../Compiler/COMMON/SGL_302j/LIB_ELF/LIBSGL.A(sglJ01.o)
 .data          0x06048a00        0x0 ../../Compiler/COMMON/SGL_302j/LIB_ELF/LIBSGL.A(sglJ02.o)
 .data          0x06048a00        0x0 ../../Compiler/COMMON/SGL_302j/LIB_ELF/LIBSGL.A(sglJ03.o)
 .data          0x06048a00        0x0 ../../Compiler/COMMON/SGL_302j/LIB_ELF/LIBSGL.A(sglJ04.o)
 .data          0x06048a00        0x0 ../../Compiler/COMMON/SGL_302j/LIB_ELF/LIBSGL.A(sglJ05.o)
 .data          0x06048a00        0x0 ../../Compiler/COMMON/SGL_302j/LIB_ELF/LIBSGL.A(sglK01.o)
 .data          0x06048a00        0x0 ../../Compiler/COMMON/SGL_302j/LIB_ELF/LIBSGL.A(sglM01.o)
 .data          0x06048a00        0x0 ../../Compiler/COMMON/SGL_302j/LIB_ELF/LIBSGL.A(sglA00.o)
 .data          0x06048a00        0x0 ../../Compiler/COMMON/SGL_302j/LIB_ELF/LIBSGL.A(sglA01.o)
 .data          0x06048a00        0x0 ../../Compiler/COMMON/SGL_302j/LIB_ELF/LIBSGL.A(sglA20.o)
 .data          0x06048a00        0x0 ../../Compiler/COMMON/SGL_302j/LIB_ELF/LIBSGL.A(sglB000.o)
 .data          0x06048a00        0x0 ../../Compiler/COMMON/SGL_302j/LIB_ELF/LIBSGL.A(sglC00.o)
 .data          0x06048a00        0x0 ../../Compiler/COMMON/SGL_302j/LIB_ELF/LIBSGL.A(sglD02.o)
 .data          0x06048a00        0x0 ../../Compiler/COMMON/SGL_302j/LIB_ELF/LIBSGL.A(sglI00.o)
 .data          0x06048a00        0x0 ../../Compiler/COMMON/SGL_302j/LIB_ELF/LIBSGL.A(sglH03.o)
 .data          0x06048a00        0x0 c:/users/jason/desktop/saturn game project/joengine-master/compiler/windows/bin/../lib/gcc/sh-elf/9.3.0\libgcc.a(_ashiftrt.o)
 .data          0x06048a00        0x0 c:/users/jason/desktop/saturn game project/joengine-master/compiler/windows/bin/../lib/gcc/sh-elf/9.3.0\libgcc.a(_ashiftrt_n.o)
 .data          0x06048a00        0x0 c:/users/jason/desktop/saturn game project/joengine-master/compiler/windows/bin/../lib/gcc/sh-elf/9.3.0\libgcc.a(_ashiftlt.o)
 .data          0x06048a00        0x0 c:/users/jason/desktop/saturn game project/joengine-master/compiler/windows/bin/../lib/gcc/sh-elf/9.3.0\libgcc.a(_lshiftrt.o)
 .data          0x06048a00        0x0 c:/users/jason/desktop/saturn game project/joengine-master/compiler/windows/bin/../lib/gcc/sh-elf/9.3.0\libgcc.a(_sdivsi3.o)
 .data          0x06048a00        0x0 c:/users/jason/desktop/saturn game project/joengine-master/compiler/windows/bin/../lib/gcc/sh-elf/9.3.0\libgcc.a(_udivsi3.o)
 .data          0x06048a00        0x0 c:/users/jason/desktop/saturn game project/joengine-master/compiler/windows/bin/../lib/gcc/sh-elf/9.3.0\libgcc.a(_addsub_sf.o)
 .data          0x06048a00        0x0 c:/users/jason/desktop/saturn game project/joengine-master/compiler/windows/bin/../lib/gcc/sh-elf/9.3.0\libgcc.a(_mul_sf.o)
 .data          0x06048a00        0x0 c:/users/jason/desktop/saturn game project/joengine-master/compiler/windows/bin/../lib/gcc/sh-elf/9.3.0\libgcc.a(_div_sf.o)
 .data          0x06048a00        0x0 c:/users/jason/desktop/saturn game project/joengine-master/compiler/windows/bin/../lib/gcc/sh-elf/9.3.0\libgcc.a(_eq_sf.o)
 .data          0x06048a00        0x0 c:/users/jason/desktop/saturn game project/joengine-master/compiler/windows/bin/../lib/gcc/sh-elf/9.3.0\libgcc.a(_gt_sf.o)
 .data          0x06048a00        0x0 c:/users/jason/desktop/saturn game project/joengine-master/compiler/windows/bin/../lib/gcc/sh-elf/9.3.0\libgcc.a(_ge_sf.o)
 .data          0x06048a00        0x0 c:/users/jason/desktop/saturn game project/joengine-master/compiler/windows/bin/../lib/gcc/sh-elf/9.3.0\libgcc.a(_lt_sf.o)
 .data          0x06048a00        0x0 c:/users/jason/desktop/saturn game project/joengine-master/compiler/windows/bin/../lib/gcc/sh-elf/9.3.0\libgcc.a(_le_sf.o)
 .data          0x06048a00        0x0 c:/users/jason/desktop/saturn game project/joengine-master/compiler/windows/bin/../lib/gcc/sh-elf/9.3.0\libgcc.a(_si_to_sf.o)
 .data          0x06048a00        0x0 c:/users/jason/desktop/saturn game project/joengine-master/compiler/windows/bin/../lib/gcc/sh-elf/9.3.0\libgcc.a(_sf_to_si.o)
 .data          0x06048a00        0x0 c:/users/jason/desktop/saturn game project/joengine-master/compiler/windows/bin/../lib/gcc/sh-elf/9.3.0\libgcc.a(_sf_to_df.o)
 .data          0x06048a00        0x0 c:/users/jason/desktop/saturn game project/joengine-master/compiler/windows/bin/../lib/gcc/sh-elf/9.3.0\libgcc.a(_thenan_sf.o)
 .data          0x06048a00        0x0 c:/users/jason/desktop/saturn game project/joengine-master/compiler/windows/bin/../lib/gcc/sh-elf/9.3.0\libgcc.a(_usi_to_sf.o)
 .data          0x06048a00        0x0 c:/users/jason/desktop/saturn game project/joengine-master/compiler/windows/bin/../lib/gcc/sh-elf/9.3.0\libgcc.a(_addsub_df.o)
 .data          0x06048a00        0x0 c:/users/jason/desktop/saturn game project/joengine-master/compiler/windows/bin/../lib/gcc/sh-elf/9.3.0\libgcc.a(_mul_df.o)
 .data          0x06048a00        0x0 c:/users/jason/desktop/saturn game project/joengine-master/compiler/windows/bin/../lib/gcc/sh-elf/9.3.0\libgcc.a(_si_to_df.o)
 .data          0x06048a00        0x0 c:/users/jason/desktop/saturn game project/joengine-master/compiler/windows/bin/../lib/gcc/sh-elf/9.3.0\libgcc.a(_df_to_si.o)
 .data          0x06048a00        0x0 c:/users/jason/desktop/saturn game project/joengine-master/compiler/windows/bin/../lib/gcc/sh-elf/9.3.0\libgcc.a(_make_df.o)
 .data          0x06048a00        0x0 c:/users/jason/desktop/saturn game project/joengine-master/compiler/windows/bin/../lib/gcc/sh-elf/9.3.0\libgcc.a(_df_to_sf.o)
 .data          0x06048a00        0x0 c:/users/jason/desktop/saturn game project/joengine-master/compiler/windows/bin/../lib/gcc/sh-elf/9.3.0\libgcc.a(_thenan_df.o)
 .data          0x06048a00        0x0 c:/users/jason/desktop/saturn game project/joengine-master/compiler/windows/bin/../lib/gcc/sh-elf/9.3.0\libgcc.a(_clzsi2.o)
 .data          0x06048a00        0x0 c:/users/jason/desktop/saturn game project/joengine-master/compiler/windows/bin/../lib/gcc/sh-elf/9.3.0\libgcc.a(_pack_sf.o)
 .data          0x06048a00        0x0 c:/users/jason/desktop/saturn game project/joengine-master/compiler/windows/bin/../lib/gcc/sh-elf/9.3.0\libgcc.a(_unpack_sf.o)
 .data          0x06048a00        0x0 c:/users/jason/desktop/saturn game project/joengine-master/compiler/windows/bin/../lib/gcc/sh-elf/9.3.0\libgcc.a(_fpcmp_parts_sf.o)